../Core/Src/main.c:98:5:main	8	static
../Core/Src/main.c:143:6:SystemClock_Config	88	static
../Core/Src/main.c:190:13:MX_TIM2_Init	32	static
../Core/Src/main.c:235:13:MX_GPIO_Init	40	static
../Core/Src/main.c:278:6:Buffer_Receiver_USB	24	static
../Core/Src/main.c:297:6:Command_Hub	24	static
../Core/Src/main.c:388:6:Refresh_Rel_Outputs	16	static
../Core/Src/main.c:398:6:Transmit_Rel_Outputs	56	static
../Core/Src/main.c:404:6:Refresh_Opto_Inputs	16	static
../Core/Src/main.c:410:6:Transmit_Opto_Inputs	32	static
../Core/Src/main.c:417:6:Led_Error_Set	16	static
../Core/Src/main.c:420:6:Led_Data_Set	16	static
../Core/Src/main.c:424:6:REL1_Set	16	static
../Core/Src/main.c:427:6:REL2_Set	16	static
../Core/Src/main.c:430:6:REL3_Set	16	static
../Core/Src/main.c:433:6:REL4_Set	16	static
../Core/Src/main.c:436:6:REL5_Set	16	static
../Core/Src/main.c:439:6:REL6_Set	16	static
../Core/Src/main.c:442:6:REL7_Set	16	static
../Core/Src/main.c:445:6:REL8_Set	16	static
../Core/Src/main.c:455:6:Error_Handler	4	static,ignoring_inline_asm
