Archive member included to satisfy reference by file (symbol)

c:/st/stm32cubeide_1.12.0/stm32cubeide/plugins/com.st.stm32cube.ide.mcu.externaltools.gnu-tools-for-stm32.10.3-2021.10.win32_1.0.200.202301161003/tools/bin/../lib/gcc/arm-none-eabi/10.3.1/../../../../arm-none-eabi/lib/thumb/v7-m/nofp\libc_nano.a(lib_a-errno.o)
                              ./Core/Src/syscalls.o (__errno)
c:/st/stm32cubeide_1.12.0/stm32cubeide/plugins/com.st.stm32cube.ide.mcu.externaltools.gnu-tools-for-stm32.10.3-2021.10.win32_1.0.200.202301161003/tools/bin/../lib/gcc/arm-none-eabi/10.3.1/../../../../arm-none-eabi/lib/thumb/v7-m/nofp\libc_nano.a(lib_a-exit.o)
                              c:/st/stm32cubeide_1.12.0/stm32cubeide/plugins/com.st.stm32cube.ide.mcu.externaltools.gnu-tools-for-stm32.10.3-2021.10.win32_1.0.200.202301161003/tools/bin/../lib/gcc/arm-none-eabi/10.3.1/../../../../arm-none-eabi/lib/thumb/v7-m/nofp/crt0.o (exit)
c:/st/stm32cubeide_1.12.0/stm32cubeide/plugins/com.st.stm32cube.ide.mcu.externaltools.gnu-tools-for-stm32.10.3-2021.10.win32_1.0.200.202301161003/tools/bin/../lib/gcc/arm-none-eabi/10.3.1/../../../../arm-none-eabi/lib/thumb/v7-m/nofp\libc_nano.a(lib_a-impure.o)
                              c:/st/stm32cubeide_1.12.0/stm32cubeide/plugins/com.st.stm32cube.ide.mcu.externaltools.gnu-tools-for-stm32.10.3-2021.10.win32_1.0.200.202301161003/tools/bin/../lib/gcc/arm-none-eabi/10.3.1/../../../../arm-none-eabi/lib/thumb/v7-m/nofp\libc_nano.a(lib_a-exit.o) (_global_impure_ptr)
c:/st/stm32cubeide_1.12.0/stm32cubeide/plugins/com.st.stm32cube.ide.mcu.externaltools.gnu-tools-for-stm32.10.3-2021.10.win32_1.0.200.202301161003/tools/bin/../lib/gcc/arm-none-eabi/10.3.1/../../../../arm-none-eabi/lib/thumb/v7-m/nofp\libc_nano.a(lib_a-init.o)
                              c:/st/stm32cubeide_1.12.0/stm32cubeide/plugins/com.st.stm32cube.ide.mcu.externaltools.gnu-tools-for-stm32.10.3-2021.10.win32_1.0.200.202301161003/tools/bin/../lib/gcc/arm-none-eabi/10.3.1/../../../../arm-none-eabi/lib/thumb/v7-m/nofp/crt0.o (__libc_init_array)
c:/st/stm32cubeide_1.12.0/stm32cubeide/plugins/com.st.stm32cube.ide.mcu.externaltools.gnu-tools-for-stm32.10.3-2021.10.win32_1.0.200.202301161003/tools/bin/../lib/gcc/arm-none-eabi/10.3.1/../../../../arm-none-eabi/lib/thumb/v7-m/nofp\libc_nano.a(lib_a-memset.o)
                              c:/st/stm32cubeide_1.12.0/stm32cubeide/plugins/com.st.stm32cube.ide.mcu.externaltools.gnu-tools-for-stm32.10.3-2021.10.win32_1.0.200.202301161003/tools/bin/../lib/gcc/arm-none-eabi/10.3.1/../../../../arm-none-eabi/lib/thumb/v7-m/nofp/crt0.o (memset)
c:/st/stm32cubeide_1.12.0/stm32cubeide/plugins/com.st.stm32cube.ide.mcu.externaltools.gnu-tools-for-stm32.10.3-2021.10.win32_1.0.200.202301161003/tools/bin/../lib/gcc/arm-none-eabi/10.3.1/../../../../arm-none-eabi/lib/thumb/v7-m/nofp\libc_nano.a(lib_a-sprintf.o)
                              ./Core/Src/main.o (sprintf)
c:/st/stm32cubeide_1.12.0/stm32cubeide/plugins/com.st.stm32cube.ide.mcu.externaltools.gnu-tools-for-stm32.10.3-2021.10.win32_1.0.200.202301161003/tools/bin/../lib/gcc/arm-none-eabi/10.3.1/../../../../arm-none-eabi/lib/thumb/v7-m/nofp\libc_nano.a(lib_a-strlen.o)
                              ./Core/Src/main.o (strlen)
c:/st/stm32cubeide_1.12.0/stm32cubeide/plugins/com.st.stm32cube.ide.mcu.externaltools.gnu-tools-for-stm32.10.3-2021.10.win32_1.0.200.202301161003/tools/bin/../lib/gcc/arm-none-eabi/10.3.1/../../../../arm-none-eabi/lib/thumb/v7-m/nofp\libc_nano.a(lib_a-strncmp.o)
                              ./Core/Src/main.o (strncmp)
c:/st/stm32cubeide_1.12.0/stm32cubeide/plugins/com.st.stm32cube.ide.mcu.externaltools.gnu-tools-for-stm32.10.3-2021.10.win32_1.0.200.202301161003/tools/bin/../lib/gcc/arm-none-eabi/10.3.1/../../../../arm-none-eabi/lib/thumb/v7-m/nofp\libc_nano.a(lib_a-nano-svfprintf.o)
                              c:/st/stm32cubeide_1.12.0/stm32cubeide/plugins/com.st.stm32cube.ide.mcu.externaltools.gnu-tools-for-stm32.10.3-2021.10.win32_1.0.200.202301161003/tools/bin/../lib/gcc/arm-none-eabi/10.3.1/../../../../arm-none-eabi/lib/thumb/v7-m/nofp\libc_nano.a(lib_a-sprintf.o) (_svfprintf_r)
c:/st/stm32cubeide_1.12.0/stm32cubeide/plugins/com.st.stm32cube.ide.mcu.externaltools.gnu-tools-for-stm32.10.3-2021.10.win32_1.0.200.202301161003/tools/bin/../lib/gcc/arm-none-eabi/10.3.1/../../../../arm-none-eabi/lib/thumb/v7-m/nofp\libc_nano.a(lib_a-nano-vfprintf_i.o)
                              c:/st/stm32cubeide_1.12.0/stm32cubeide/plugins/com.st.stm32cube.ide.mcu.externaltools.gnu-tools-for-stm32.10.3-2021.10.win32_1.0.200.202301161003/tools/bin/../lib/gcc/arm-none-eabi/10.3.1/../../../../arm-none-eabi/lib/thumb/v7-m/nofp\libc_nano.a(lib_a-nano-svfprintf.o) (_printf_i)
c:/st/stm32cubeide_1.12.0/stm32cubeide/plugins/com.st.stm32cube.ide.mcu.externaltools.gnu-tools-for-stm32.10.3-2021.10.win32_1.0.200.202301161003/tools/bin/../lib/gcc/arm-none-eabi/10.3.1/../../../../arm-none-eabi/lib/thumb/v7-m/nofp\libc_nano.a(lib_a-memchr-stub.o)
[...]
Memory Configuration

Name             Origin             Length             Attributes
RAM              0x0000000020000000 0x0000000000005000 xrw
FLASH            0x0000000008000000 0x0000000000010000 xr
*default*        0x0000000000000000 0xffffffffffffffff

Linker script and memory map

LOAD c:/st/stm32cubeide_1.12.0/stm32cubeide/plugins/com.st.stm32cube.ide.mcu.externaltools.gnu-tools-for-stm32.10.3-2021.10.win32_1.0.200.202301161003/tools/bin/../lib/gcc/arm-none-eabi/10.3.1/thumb/v7-m/nofp/crti.o
LOAD c:/st/stm32cubeide_1.12.0/stm32cubeide/plugins/com.st.stm32cube.ide.mcu.externaltools.gnu-tools-for-stm32.10.3-2021.10.win32_1.0.200.202301161003/tools/bin/../lib/gcc/arm-none-eabi/10.3.1/thumb/v7-m/nofp/crtbegin.o
LOAD c:/st/stm32cubeide_1.12.0/stm32cubeide/plugins/com.st.stm32cube.ide.mcu.externaltools.gnu-tools-for-stm32.10.3-2021.10.win32_1.0.200.202301161003/tools/bin/../lib/gcc/arm-none-eabi/10.3.1/../../../../arm-none-eabi/lib/thumb/v7-m/nofp/crt0.o
LOAD ./Core/Src/main.o
LOAD ./Core/Src/stm32f1xx_hal_msp.o
LOAD ./Core/Src/stm32f1xx_it.o
LOAD ./Core/Src/syscalls.o
LOAD ./Core/Src/sysmem.o
LOAD ./Core/Src/system_stm32f1xx.o
LOAD ./Core/Startup/startup_stm32f103c8tx.o
LOAD ./Drivers/STM32F1xx_HAL_Driver/Src/stm32f1xx_hal.o
LOAD ./Drivers/STM32F1xx_HAL_Driver/Src/stm32f1xx_hal_cortex.o
LOAD ./Drivers/STM32F1xx_HAL_Driver/Src/stm32f1xx_hal_dma.o
LOAD ./Drivers/STM32F1xx_HAL_Driver/Src/stm32f1xx_hal_exti.o
LOAD ./Drivers/STM32F1xx_HAL_Driver/Src/stm32f1xx_hal_flash.o
LOAD ./Drivers/STM32F1xx_HAL_Driver/Src/stm32f1xx_hal_flash_ex.o
LOAD ./Drivers/STM32F1xx_HAL_Driver/Src/stm32f1xx_hal_gpio.o
LOAD ./Drivers/STM32F1xx_HAL_Driver/Src/stm32f1xx_hal_gpio_ex.o
LOAD ./Drivers/STM32F1xx_HAL_Driver/Src/stm32f1xx_hal_pcd.o
LOAD ./Drivers/STM32F1xx_HAL_Driver/Src/stm32f1xx_hal_pcd_ex.o
LOAD ./Drivers/STM32F1xx_HAL_Driver/Src/stm32f1xx_hal_pwr.o
LOAD ./Drivers/STM32F1xx_HAL_Driver/Src/stm32f1xx_hal_rcc.o
LOAD ./Drivers/STM32F1xx_HAL_Driver/Src/stm32f1xx_hal_rcc_ex.o
LOAD ./Drivers/STM32F1xx_HAL_Driver/Src/stm32f1xx_hal_tim.o
LOAD ./Drivers/STM32F1xx_HAL_Driver/Src/stm32f1xx_hal_tim_ex.o
LOAD ./Drivers/STM32F1xx_HAL_Driver/Src/stm32f1xx_ll_usb.o
LOAD ./Middlewares/ST/STM32_USB_Device_Library/Class/CDC/Src/usbd_cdc.o
LOAD ./Middlewares/ST/STM32_USB_Device_Library/Core/Src/usbd_core.o
LOAD ./Middlewares/ST/STM32_USB_Device_Library/Core/Src/usbd_ctlreq.o
LOAD ./Middlewares/ST/STM32_USB_Device_Library/Core/Src/usbd_ioreq.o
LOAD ./USB_DEVICE/App/usb_device.o
LOAD ./USB_DEVICE/App/usbd_cdc_if.o
LOAD ./USB_DEVICE/App/usbd_desc.o
LOAD ./USB_DEVICE/Target/usbd_conf.o
START GROUP
LOAD c:/st/stm32cubeide_1.12.0/stm32cubeide/plugins/com.st.stm32cube.ide.mcu.externaltools.gnu-tools-for-stm32.10.3-2021.10.win32_1.0.200.202301161003/tools/bin/../lib/gcc/arm-none-eabi/10.3.1/../../../../arm-none-eabi/lib/thumb/v7-m/nofp\libc_nano.a
LOAD c:/st/stm32cubeide_1.12.0/stm32cubeide/plugins/com.st.stm32cube.ide.mcu.externaltools.gnu-tools-for-stm32.10.3-2021.10.win32_1.0.200.202301161003/tools/bin/../lib/gcc/arm-none-eabi/10.3.1/../../../../arm-none-eabi/lib/thumb/v7-m/nofp\libm.a
END GROUP
START GROUP
LOAD c:/st/stm32cubeide_1.12.0/stm32cubeide/plugins/com.st.stm32cube.ide.mcu.externaltools.gnu-tools-for-stm32.10.3-2021.10.win32_1.0.200.202301161003/tools/bin/../lib/gcc/arm-none-eabi/10.3.1/thumb/v7-m/nofp\libgcc.a
LOAD c:/st/stm32cubeide_1.12.0/stm32cubeide/plugins/com.st.stm32cube.ide.mcu.externaltools.gnu-tools-for-stm32.10.3-2021.10.win32_1.0.200.202301161003/tools/bin/../lib/gcc/arm-none-eabi/10.3.1/../../../../arm-none-eabi/lib/thumb/v7-m/nofp\libc_nano.a
END GROUP
START GROUP
LOAD c:/st/stm32cubeide_1.12.0/stm32cubeide/plugins/com.st.stm32cube.ide.mcu.externaltools.gnu-tools-for-stm32.10.3-2021.10.win32_1.0.200.202301161003/tools/bin/../lib/gcc/arm-none-eabi/10.3.1/thumb/v7-m/nofp\libgcc.a
LOAD c:/st/stm32cubeide_1.12.0/stm32cubeide/plugins/com.st.stm32cube.ide.mcu.externaltools.gnu-tools-for-stm32.10.3-2021.10.win32_1.0.200.202301161003/tools/bin/../lib/gcc/arm-none-eabi/10.3.1/../../../../arm-none-eabi/lib/thumb/v7-m/nofp\libc_nano.a
LOAD c:/st/stm32cubeide_1.12.0/stm32cubeide/plugins/com.st.stm32cube.ide.mcu.externaltools.gnu-tools-for-stm32.10.3-2021.10.win32_1.0.200.202301161003/tools/bin/../lib/gcc/arm-none-eabi/10.3.1/../../../../arm-none-eabi/lib/thumb/v7-m/nofp\libnosys.a
END GROUP
START GROUP
LOAD c:/st/stm32cubeide_1.12.0/stm32cubeide/plugins/com.st.stm32cube.ide.mcu.externaltools.gnu-tools-for-stm32.10.3-2021.10.win32_1.0.200.202301161003/tools/bin/../lib/gcc/arm-none-eabi/10.3.1/thumb/v7-m/nofp\libgcc.a
LOAD c:/st/stm32cubeide_1.12.0/stm32cubeide/plugins/com.st.stm32cube.ide.mcu.externaltools.gnu-tools-for-stm32.10.3-2021.10.win32_1.0.200.202301161003/tools/bin/../lib/gcc/arm-none-eabi/10.3.1/../../../../arm-none-eabi/lib/thumb/v7-m/nofp\libc_nano.a
LOAD c:/st/stm32cubeide_1.12.0/stm32cubeide/plugins/com.st.stm32cube.ide.mcu.externaltools.gnu-tools-for-stm32.10.3-2021.10.win32_1.0.200.202301161003/tools/bin/../lib/gcc/arm-none-eabi/10.3.1/../../../../arm-none-eabi/lib/thumb/v7-m/nofp\libnosys.a
END GROUP
LOAD c:/st/stm32cubeide_1.12.0/stm32cubeide/plugins/com.st.stm32cube.ide.mcu.externaltools.gnu-tools-for-stm32.10.3-2021.10.win32_1.0.200.202301161003/tools/bin/../lib/gcc/arm-none-eabi/10.3.1/thumb/v7-m/nofp/crtend.o
LOAD c:/st/stm32cubeide_1.12.0/stm32cubeide/plugins/com.st.stm32cube.ide.mcu.externaltools.gnu-tools-for-stm32.10.3-2021.10.win32_1.0.200.202301161003/tools/bin/../lib/gcc/arm-none-eabi/10.3.1/thumb/v7-m/nofp/crtn.o
                0x0000000020005000                _estack = (ORIGIN (RAM) + LENGTH (RAM))
                0x0000000000000200                _Min_Heap_Size = 0x200
                0x0000000000000400                _Min_Stack_Size = 0x400

.isr_vector     0x0000000008000000      0x10c
                0x0000000008000000                . = ALIGN (0x4)
 *(.isr_vector)
 .isr_vector    0x0000000008000000      0x10c ./Core/Startup/startup_stm32f103c8tx.o
                0x0000000008000000                g_pfnVectors
                0x000000000800010c                . = ALIGN (0x4)

.text           0x000000000800010c     0x8e94
                0x000000000800010c                . = ALIGN (0x4)
 *(.text)
 .text          0x000000000800010c       0x40 c:/st/stm32cubeide_1.12.0/stm32cubeide/plugins/com.st.stm32cube.ide.mcu.externaltools.gnu-tools-for-stm32.10.3-2021.10.win32_1.0.200.202301161003/tools/bin/../lib/gcc/arm-none-eabi/10.3.1/thumb/v7-m/nofp/crtbegin.o
 .text          0x000000000800014c       0x10 c:/st/stm32cubeide_1.12.0/stm32cubeide/plugins/com.st.stm32cube.ide.mcu.externaltools.gnu-tools-for-stm32.10.3-2021.10.win32_1.0.200.202301161003/tools/bin/../lib/gcc/arm-none-eabi/10.3.1/../../../../arm-none-eabi/lib/thumb/v7-m/nofp\libc_nano.a(lib_a-strlen.o)
                0x000000000800014c                strlen
 *(.text*)
 .text.main     0x000000000800015c       0x28 ./Core/Src/main.o
                0x000000000800015c                main
 .text.SystemClock_Config
                0x0000000008000184       0xb4 ./Core/Src/main.o
                0x0000000008000184                SystemClock_Config
 .text.MX_TIM2_Init
                0x0000000008000238       0x9c ./Core/Src/main.o
 .text.MX_GPIO_Init
                0x00000000080002d4       0xc8 ./Core/Src/main.o
 .text.Buffer_Receiver_USB
                0x000000000800039c       0x7c ./Core/Src/main.o
                0x000000000800039c                Buffer_Receiver_USB
 .text.Command_Hub
                0x0000000008000418      0x214 ./Core/Src/main.o
                0x0000000008000418                Command_Hub
 .text.Refresh_Rel_Outputs
                0x000000000800062c       0xe4 ./Core/Src/main.o
                0x000000000800062c                Refresh_Rel_Outputs
 .text.Transmit_Rel_Outputs
                0x0000000008000710       0x5c ./Core/Src/main.o
                0x0000000008000710                Transmit_Rel_Outputs
 .text.Refresh_Opto_Inputs
                0x000000000800076c       0x84 ./Core/Src/main.o
                0x000000000800076c                Refresh_Opto_Inputs
 .text.Transmit_Opto_Inputs
                0x00000000080007f0       0x4c ./Core/Src/main.o
                0x00000000080007f0                Transmit_Opto_Inputs
 .text.Led_Error_Set
                0x000000000800083c       0x30 ./Core/Src/main.o
                0x000000000800083c                Led_Error_Set
 .text.Led_Data_Set
                0x000000000800086c       0x30 ./Core/Src/main.o
                0x000000000800086c                Led_Data_Set
 .text.REL1_Set
                0x000000000800089c       0x2c ./Core/Src/main.o
                0x000000000800089c                REL1_Set
 .text.REL2_Set
                0x00000000080008c8       0x2c ./Core/Src/main.o
                0x00000000080008c8                REL2_Set
 .text.REL3_Set
                0x00000000080008f4       0x2c ./Core/Src/main.o
                0x00000000080008f4                REL3_Set
 .text.REL4_Set
                0x0000000008000920       0x2c ./Core/Src/main.o
                0x0000000008000920                REL4_Set
 .text.REL5_Set
                0x000000000800094c       0x2c ./Core/Src/main.o
                0x000000000800094c                REL5_Set
 .text.REL6_Set
                0x0000000008000978       0x2c ./Core/Src/main.o
                0x0000000008000978                REL6_Set
 .text.REL7_Set
                0x00000000080009a4       0x2c ./Core/Src/main.o
                0x00000000080009a4                REL7_Set
 .text.REL8_Set
                0x00000000080009d0       0x2c ./Core/Src/main.o
                0x00000000080009d0                REL8_Set
 .text.Error_Handler
                0x00000000080009fc        0xa ./Core/Src/main.o
                0x00000000080009fc                Error_Handler
 *fill*         0x0000000008000a06        0x2 
 .text.HAL_MspInit
                0x0000000008000a08       0x64 ./Core/Src/stm32f1xx_hal_msp.o
                0x0000000008000a08                HAL_MspInit
 .text.HAL_TIM_Base_MspInit
                0x0000000008000a6c       0x48 ./Core/Src/stm32f1xx_hal_msp.o
                0x0000000008000a6c                HAL_TIM_Base_MspInit
 .text.NMI_Handler
                0x0000000008000ab4        0x6 ./Core/Src/stm32f1xx_it.o
                0x0000000008000ab4                NMI_Handler
 .text.HardFault_Handler
                0x0000000008000aba        0x6 ./Core/Src/stm32f1xx_it.o
                0x0000000008000aba                HardFault_Handler
 .text.MemManage_Handler
                0x0000000008000ac0        0x6 ./Core/Src/stm32f1xx_it.o
                0x0000000008000ac0                MemManage_Handler
 .text.BusFault_Handler
                0x0000000008000ac6        0x6 ./Core/Src/stm32f1xx_it.o
                0x0000000008000ac6                BusFault_Handler
 .text.UsageFault_Handler
                0x0000000008000acc        0x6 ./Core/Src/stm32f1xx_it.o
                0x0000000008000acc                UsageFault_Handler
 .text.SVC_Handler
                0x0000000008000ad2        0xc ./Core/Src/stm32f1xx_it.o
                0x0000000008000ad2                SVC_Handler
 .text.DebugMon_Handler
                0x0000000008000ade        0xc ./Core/Src/stm32f1xx_it.o
                0x0000000008000ade                DebugMon_Handler
 .text.PendSV_Handler
                0x0000000008000aea        0xc ./Core/Src/stm32f1xx_it.o
                0x0000000008000aea                PendSV_Handler
 .text.SysTick_Handler
                0x0000000008000af6        0xc ./Core/Src/stm32f1xx_it.o
                0x0000000008000af6                SysTick_Handler
 *fill*         0x0000000008000b02        0x2 
 .text.USB_LP_CAN1_RX0_IRQHandler
                0x0000000008000b04       0x14 ./Core/Src/stm32f1xx_it.o
                0x0000000008000b04                USB_LP_CAN1_RX0_IRQHandler
 .text.TIM2_IRQHandler
                0x0000000008000b18       0x14 ./Core/Src/stm32f1xx_it.o
                0x0000000008000b18                TIM2_IRQHandler
 .text.EXTI15_10_IRQHandler
                0x0000000008000b2c       0x28 ./Core/Src/stm32f1xx_it.o
                0x0000000008000b2c                EXTI15_10_IRQHandler
 .text._sbrk    0x0000000008000b54       0x6c ./Core/Src/sysmem.o
                0x0000000008000b54                _sbrk
 .text.SystemInit
                0x0000000008000bc0        0xc ./Core/Src/system_stm32f1xx.o
                0x0000000008000bc0                SystemInit
 .text.Reset_Handler
                0x0000000008000bcc       0x48 ./Core/Startup/startup_stm32f103c8tx.o
                0x0000000008000bcc                Reset_Handler
 .text.Default_Handler
                0x0000000008000c14        0x2 ./Core/Startup/startup_stm32f103c8tx.o
                0x0000000008000c14                RTC_Alarm_IRQHandler
                0x0000000008000c14                EXTI2_IRQHandler
                0x0000000008000c14                TIM1_CC_IRQHandler
                0x0000000008000c14                PVD_IRQHandler
                0x0000000008000c14                EXTI3_IRQHandler
                0x0000000008000c14                EXTI0_IRQHandler
                0x0000000008000c14                I2C2_EV_IRQHandler
                0x0000000008000c14                ADC1_2_IRQHandler
                0x0000000008000c14                SPI1_IRQHandler
                0x0000000008000c14                TAMPER_IRQHandler
                0x0000000008000c14                DMA1_Channel4_IRQHandler
                0x0000000008000c14                USART3_IRQHandler
                0x0000000008000c14                RTC_IRQHandler
                0x0000000008000c14                DMA1_Channel7_IRQHandler
                0x0000000008000c14                CAN1_RX1_IRQHandler
                0x0000000008000c14                TIM4_IRQHandler
                0x0000000008000c14                I2C1_EV_IRQHandler
                0x0000000008000c14                DMA1_Channel6_IRQHandler
                0x0000000008000c14                TIM3_IRQHandler
                0x0000000008000c14                RCC_IRQHandler
                0x0000000008000c14                TIM1_TRG_COM_IRQHandler
                0x0000000008000c14                DMA1_Channel1_IRQHandler
                0x0000000008000c14                Default_Handler
                0x0000000008000c14                EXTI9_5_IRQHandler
                0x0000000008000c14                SPI2_IRQHandler
                0x0000000008000c14                DMA1_Channel5_IRQHandler
                0x0000000008000c14                EXTI4_IRQHandler
                0x0000000008000c14                USB_HP_CAN1_TX_IRQHandler
                0x0000000008000c14                DMA1_Channel3_IRQHandler
                0x0000000008000c14                TIM1_UP_IRQHandler
                0x0000000008000c14                WWDG_IRQHandler
                0x0000000008000c14                TIM1_BRK_IRQHandler
                0x0000000008000c14                EXTI1_IRQHandler
                0x0000000008000c14                USART2_IRQHandler
                0x0000000008000c14                I2C2_ER_IRQHandler
                0x0000000008000c14                DMA1_Channel2_IRQHandler
                0x0000000008000c14                CAN1_SCE_IRQHandler
                0x0000000008000c14                FLASH_IRQHandler
                0x0000000008000c14                USART1_IRQHandler
                0x0000000008000c14                I2C1_ER_IRQHandler
                0x0000000008000c14                USBWakeUp_IRQHandler
 *fill*         0x0000000008000c16        0x2 
 .text.HAL_Init
                0x0000000008000c18       0x2c ./Drivers/STM32F1xx_HAL_Driver/Src/stm32f1xx_hal.o
                0x0000000008000c18                HAL_Init
 .text.HAL_InitTick
                0x0000000008000c44       0x60 ./Drivers/STM32F1xx_HAL_Driver/Src/stm32f1xx_hal.o
                0x0000000008000c44                HAL_InitTick
 .text.HAL_IncTick
                0x0000000008000ca4       0x24 ./Drivers/STM32F1xx_HAL_Driver/Src/stm32f1xx_hal.o
                0x0000000008000ca4                HAL_IncTick
 .text.HAL_GetTick
                0x0000000008000cc8       0x14 ./Drivers/STM32F1xx_HAL_Driver/Src/stm32f1xx_hal.o
                0x0000000008000cc8                HAL_GetTick
 .text.__NVIC_SetPriorityGrouping
                0x0000000008000cdc       0x48 ./Drivers/STM32F1xx_HAL_Driver/Src/stm32f1xx_hal_cortex.o
 .text.__NVIC_GetPriorityGrouping
                0x0000000008000d24       0x1c ./Drivers/STM32F1xx_HAL_Driver/Src/stm32f1xx_hal_cortex.o
 .text.__NVIC_EnableIRQ
                0x0000000008000d40       0x38 ./Drivers/STM32F1xx_HAL_Driver/Src/stm32f1xx_hal_cortex.o
 .text.__NVIC_SetPriority
                0x0000000008000d78       0x54 ./Drivers/STM32F1xx_HAL_Driver/Src/stm32f1xx_hal_cortex.o
 .text.NVIC_EncodePriority
                0x0000000008000dcc       0x64 ./Drivers/STM32F1xx_HAL_Driver/Src/stm32f1xx_hal_cortex.o
 .text.SysTick_Config
                0x0000000008000e30       0x44 ./Drivers/STM32F1xx_HAL_Driver/Src/stm32f1xx_hal_cortex.o
 .text.HAL_NVIC_SetPriorityGrouping
                0x0000000008000e74       0x16 ./Drivers/STM32F1xx_HAL_Driver/Src/stm32f1xx_hal_cortex.o
                0x0000000008000e74                HAL_NVIC_SetPriorityGrouping
 .text.HAL_NVIC_SetPriority
                0x0000000008000e8a       0x38 ./Drivers/STM32F1xx_HAL_Driver/Src/stm32f1xx_hal_cortex.o
                0x0000000008000e8a                HAL_NVIC_SetPriority
 .text.HAL_NVIC_EnableIRQ
                0x0000000008000ec2       0x1c ./Drivers/STM32F1xx_HAL_Driver/Src/stm32f1xx_hal_cortex.o
                0x0000000008000ec2                HAL_NVIC_EnableIRQ
 .text.HAL_SYSTICK_Config
                0x0000000008000ede       0x18 ./Drivers/STM32F1xx_HAL_Driver/Src/stm32f1xx_hal_cortex.o
                0x0000000008000ede                HAL_SYSTICK_Config
 *fill*         0x0000000008000ef6        0x2 
 .text.HAL_GPIO_Init
                0x0000000008000ef8      0x308 ./Drivers/STM32F1xx_HAL_Driver/Src/stm32f1xx_hal_gpio.o
                0x0000000008000ef8                HAL_GPIO_Init
 .text.HAL_GPIO_ReadPin
                0x0000000008001200       0x2e ./Drivers/STM32F1xx_HAL_Driver/Src/stm32f1xx_hal_gpio.o
                0x0000000008001200                HAL_GPIO_ReadPin
 .text.HAL_GPIO_WritePin
                0x000000000800122e       0x30 ./Drivers/STM32F1xx_HAL_Driver/Src/stm32f1xx_hal_gpio.o
                0x000000000800122e                HAL_GPIO_WritePin
 *fill*         0x000000000800125e        0x2 
 .text.HAL_GPIO_EXTI_IRQHandler
                0x0000000008001260       0x30 ./Drivers/STM32F1xx_HAL_Driver/Src/stm32f1xx_hal_gpio.o
                0x0000000008001260                HAL_GPIO_EXTI_IRQHandler
 .text.HAL_GPIO_EXTI_Callback
                0x0000000008001290       0x14 ./Drivers/STM32F1xx_HAL_Driver/Src/stm32f1xx_hal_gpio.o
                0x0000000008001290                HAL_GPIO_EXTI_Callback
 .text.HAL_PCD_Init
                0x00000000080012a4      0x1fe ./Drivers/STM32F1xx_HAL_Driver/Src/stm32f1xx_hal_pcd.o
                0x00000000080012a4                HAL_PCD_Init
 .text.HAL_PCD_Start
                0x00000000080014a2       0x4c ./Drivers/STM32F1xx_HAL_Driver/Src/stm32f1xx_hal_pcd.o
                0x00000000080014a2                HAL_PCD_Start
 .text.HAL_PCD_IRQHandler
                0x00000000080014ee      0x260 ./Drivers/STM32F1xx_HAL_Driver/Src/stm32f1xx_hal_pcd.o
                0x00000000080014ee                HAL_PCD_IRQHandler
 .text.HAL_PCD_SetAddress
                0x000000000800174e       0x4a ./Drivers/STM32F1xx_HAL_Driver/Src/stm32f1xx_hal_pcd.o
                0x000000000800174e                HAL_PCD_SetAddress
 .text.HAL_PCD_EP_Open
                0x0000000008001798       0xba ./Drivers/STM32F1xx_HAL_Driver/Src/stm32f1xx_hal_pcd.o
                0x0000000008001798                HAL_PCD_EP_Open
 .text.HAL_PCD_EP_Close
                0x0000000008001852       0x90 ./Drivers/STM32F1xx_HAL_Driver/Src/stm32f1xx_hal_pcd.o
                0x0000000008001852                HAL_PCD_EP_Close
 .text.HAL_PCD_EP_Receive
                0x00000000080018e2       0x62 ./Drivers/STM32F1xx_HAL_Driver/Src/stm32f1xx_hal_pcd.o
                0x00000000080018e2                HAL_PCD_EP_Receive
 .text.HAL_PCD_EP_GetRxCount
                0x0000000008001944       0x2e ./Drivers/STM32F1xx_HAL_Driver/Src/stm32f1xx_hal_pcd.o
                0x0000000008001944                HAL_PCD_EP_GetRxCount
 .text.HAL_PCD_EP_Transmit
                0x0000000008001972       0x6e ./Drivers/STM32F1xx_HAL_Driver/Src/stm32f1xx_hal_pcd.o
                0x0000000008001972                HAL_PCD_EP_Transmit
 .text.HAL_PCD_EP_SetStall
                0x00000000080019e0       0xc0 ./Drivers/STM32F1xx_HAL_Driver/Src/stm32f1xx_hal_pcd.o
                0x00000000080019e0                HAL_PCD_EP_SetStall
 .text.HAL_PCD_EP_ClrStall
                0x0000000008001aa0       0xa8 ./Drivers/STM32F1xx_HAL_Driver/Src/stm32f1xx_hal_pcd.o
                0x0000000008001aa0                HAL_PCD_EP_ClrStall
 .text.PCD_EP_ISR_Handler
                0x0000000008001b48      0x7a6 ./Drivers/STM32F1xx_HAL_Driver/Src/stm32f1xx_hal_pcd.o
 .text.HAL_PCD_EP_DB_Receive
                0x00000000080022ee      0x21a ./Drivers/STM32F1xx_HAL_Driver/Src/stm32f1xx_hal_pcd.o
 .text.HAL_PCD_EP_DB_Transmit
                0x0000000008002508      0x7f4 ./Drivers/STM32F1xx_HAL_Driver/Src/stm32f1xx_hal_pcd.o
 .text.HAL_PCDEx_PMAConfig
                0x0000000008002cfc       0x84 ./Drivers/STM32F1xx_HAL_Driver/Src/stm32f1xx_hal_pcd_ex.o
                0x0000000008002cfc                HAL_PCDEx_PMAConfig
 .text.HAL_RCC_OscConfig
                0x0000000008002d80      0x504 ./Drivers/STM32F1xx_HAL_Driver/Src/stm32f1xx_hal_rcc.o
                0x0000000008002d80                HAL_RCC_OscConfig
 .text.HAL_RCC_ClockConfig
                0x0000000008003284      0x1d4 ./Drivers/STM32F1xx_HAL_Driver/Src/stm32f1xx_hal_rcc.o
                0x0000000008003284                HAL_RCC_ClockConfig
 .text.HAL_RCC_GetSysClockFreq
                0x0000000008003458       0xa8 ./Drivers/STM32F1xx_HAL_Driver/Src/stm32f1xx_hal_rcc.o
                0x0000000008003458                HAL_RCC_GetSysClockFreq
 .text.RCC_Delay
                0x0000000008003500       0x3c ./Drivers/STM32F1xx_HAL_Driver/Src/stm32f1xx_hal_rcc.o
 .text.HAL_RCCEx_PeriphCLKConfig
                0x000000000800353c      0x16c ./Drivers/STM32F1xx_HAL_Driver/Src/stm32f1xx_hal_rcc_ex.o
                0x000000000800353c                HAL_RCCEx_PeriphCLKConfig
 .text.HAL_TIM_Base_Init
                0x00000000080036a8       0x9e ./Drivers/STM32F1xx_HAL_Driver/Src/stm32f1xx_hal_tim.o
                0x00000000080036a8                HAL_TIM_Base_Init
 *fill*         0x0000000008003746        0x2 
 .text.HAL_TIM_Base_Start_IT
                0x0000000008003748       0xa4 ./Drivers/STM32F1xx_HAL_Driver/Src/stm32f1xx_hal_tim.o
                0x0000000008003748                HAL_TIM_Base_Start_IT
 .text.HAL_TIM_IRQHandler
                0x00000000080037ec      0x210 ./Drivers/STM32F1xx_HAL_Driver/Src/stm32f1xx_hal_tim.o
                0x00000000080037ec                HAL_TIM_IRQHandler
 .text.HAL_TIM_ConfigClockSource
                0x00000000080039fc      0x18e ./Drivers/STM32F1xx_HAL_Driver/Src/stm32f1xx_hal_tim.o
                0x00000000080039fc                HAL_TIM_ConfigClockSource
 .text.HAL_TIM_PeriodElapsedCallback
                0x0000000008003b8a       0x12 ./Drivers/STM32F1xx_HAL_Driver/Src/stm32f1xx_hal_tim.o
                0x0000000008003b8a                HAL_TIM_PeriodElapsedCallback
 .text.HAL_TIM_OC_DelayElapsedCallback
                0x0000000008003b9c       0x12 ./Drivers/STM32F1xx_HAL_Driver/Src/stm32f1xx_hal_tim.o
                0x0000000008003b9c                HAL_TIM_OC_DelayElapsedCallback
 .text.HAL_TIM_IC_CaptureCallback
                0x0000000008003bae       0x12 ./Drivers/STM32F1xx_HAL_Driver/Src/stm32f1xx_hal_tim.o
                0x0000000008003bae                HAL_TIM_IC_CaptureCallback
 .text.HAL_TIM_PWM_PulseFinishedCallback
                0x0000000008003bc0       0x12 ./Drivers/STM32F1xx_HAL_Driver/Src/stm32f1xx_hal_tim.o
                0x0000000008003bc0                HAL_TIM_PWM_PulseFinishedCallback
 .text.HAL_TIM_TriggerCallback
                0x0000000008003bd2       0x12 ./Drivers/STM32F1xx_HAL_Driver/Src/stm32f1xx_hal_tim.o
                0x0000000008003bd2                HAL_TIM_TriggerCallback
 .text.TIM_Base_SetConfig
                0x0000000008003be4       0xc4 ./Drivers/STM32F1xx_HAL_Driver/Src/stm32f1xx_hal_tim.o
                0x0000000008003be4                TIM_Base_SetConfig
 .text.TIM_TI1_ConfigInputStage
                0x0000000008003ca8       0x5c ./Drivers/STM32F1xx_HAL_Driver/Src/stm32f1xx_hal_tim.o
 .text.TIM_TI2_ConfigInputStage
                0x0000000008003d04       0x5e ./Drivers/STM32F1xx_HAL_Driver/Src/stm32f1xx_hal_tim.o
 .text.TIM_ITRx_SetConfig
                0x0000000008003d62       0x34 ./Drivers/STM32F1xx_HAL_Driver/Src/stm32f1xx_hal_tim.o
 .text.TIM_ETR_SetConfig
                0x0000000008003d96       0x3e ./Drivers/STM32F1xx_HAL_Driver/Src/stm32f1xx_hal_tim.o
                0x0000000008003d96                TIM_ETR_SetConfig
 .text.HAL_TIMEx_MasterConfigSynchronization
                0x0000000008003dd4       0xbc ./Drivers/STM32F1xx_HAL_Driver/Src/stm32f1xx_hal_tim_ex.o
                0x0000000008003dd4                HAL_TIMEx_MasterConfigSynchronization
 .text.HAL_TIMEx_CommutCallback
                0x0000000008003e90       0x12 ./Drivers/STM32F1xx_HAL_Driver/Src/stm32f1xx_hal_tim_ex.o
                0x0000000008003e90                HAL_TIMEx_CommutCallback
 .text.HAL_TIMEx_BreakCallback
                0x0000000008003ea2       0x12 ./Drivers/STM32F1xx_HAL_Driver/Src/stm32f1xx_hal_tim_ex.o
                0x0000000008003ea2                HAL_TIMEx_BreakCallback
 .text.USB_CoreInit
                0x0000000008003eb4       0x20 ./Drivers/STM32F1xx_HAL_Driver/Src/stm32f1xx_ll_usb.o
                0x0000000008003eb4                USB_CoreInit
 .text.USB_EnableGlobalInt
                0x0000000008003ed4       0x2c ./Drivers/STM32F1xx_HAL_Driver/Src/stm32f1xx_ll_usb.o
                0x0000000008003ed4                USB_EnableGlobalInt
 .text.USB_DisableGlobalInt
                0x0000000008003f00       0x34 ./Drivers/STM32F1xx_HAL_Driver/Src/stm32f1xx_ll_usb.o
                0x0000000008003f00                USB_DisableGlobalInt
 .text.USB_SetCurrentMode
                0x0000000008003f34       0x18 ./Drivers/STM32F1xx_HAL_Driver/Src/stm32f1xx_ll_usb.o
                0x0000000008003f34                USB_SetCurrentMode
 .text.USB_DevInit
                0x0000000008003f4c       0x40 ./Drivers/STM32F1xx_HAL_Driver/Src/stm32f1xx_ll_usb.o
                0x0000000008003f4c                USB_DevInit
 .text.USB_ActivateEndpoint
                0x0000000008003f8c      0x780 ./Drivers/STM32F1xx_HAL_Driver/Src/stm32f1xx_ll_usb.o
                0x0000000008003f8c                USB_ActivateEndpoint
 .text.USB_DeactivateEndpoint
                0x000000000800470c      0x3d8 ./Drivers/STM32F1xx_HAL_Driver/Src/stm32f1xx_ll_usb.o
                0x000000000800470c                USB_DeactivateEndpoint
 .text.USB_EPStartXfer
                0x0000000008004ae4     0x1762 ./Drivers/STM32F1xx_HAL_Driver/Src/stm32f1xx_ll_usb.o
                0x0000000008004ae4                USB_EPStartXfer
 .text.USB_EPSetStall
                0x0000000008006246       0xa0 ./Drivers/STM32F1xx_HAL_Driver/Src/stm32f1xx_ll_usb.o
                0x0000000008006246                USB_EPSetStall
 .text.USB_EPClearStall
                0x00000000080062e6      0x15a ./Drivers/STM32F1xx_HAL_Driver/Src/stm32f1xx_ll_usb.o
                0x00000000080062e6                USB_EPClearStall
 .text.USB_SetDevAddress
                0x0000000008006440       0x26 ./Drivers/STM32F1xx_HAL_Driver/Src/stm32f1xx_ll_usb.o
                0x0000000008006440                USB_SetDevAddress
 .text.USB_DevConnect
                0x0000000008006466       0x14 ./Drivers/STM32F1xx_HAL_Driver/Src/stm32f1xx_ll_usb.o
                0x0000000008006466                USB_DevConnect
 .text.USB_DevDisconnect
                0x000000000800647a       0x14 ./Drivers/STM32F1xx_HAL_Driver/Src/stm32f1xx_ll_usb.o
                0x000000000800647a                USB_DevDisconnect
 .text.USB_ReadInterrupts
                0x000000000800648e       0x1e ./Drivers/STM32F1xx_HAL_Driver/Src/stm32f1xx_ll_usb.o
                0x000000000800648e                USB_ReadInterrupts
 .text.USB_EP0_OutStart
                0x00000000080064ac       0x16 ./Drivers/STM32F1xx_HAL_Driver/Src/stm32f1xx_ll_usb.o
                0x00000000080064ac                USB_EP0_OutStart
 .text.USB_WritePMA
                0x00000000080064c2       0x8a ./Drivers/STM32F1xx_HAL_Driver/Src/stm32f1xx_ll_usb.o
                0x00000000080064c2                USB_WritePMA
 .text.USB_ReadPMA
                0x000000000800654c       0x9e ./Drivers/STM32F1xx_HAL_Driver/Src/stm32f1xx_ll_usb.o
                0x000000000800654c                USB_ReadPMA
 .text.USBD_CDC_Init
                0x00000000080065ea       0xf4 ./Middlewares/ST/STM32_USB_Device_Library/Class/CDC/Src/usbd_cdc.o
 .text.USBD_CDC_DeInit
                0x00000000080066de       0x6e ./Middlewares/ST/STM32_USB_Device_Library/Class/CDC/Src/usbd_cdc.o
 .text.USBD_CDC_Setup
                0x000000000800674c      0x146 ./Middlewares/ST/STM32_USB_Device_Library/Class/CDC/Src/usbd_cdc.o
 .text.USBD_CDC_DataIn
                0x0000000008006892       0xa6 ./Middlewares/ST/STM32_USB_Device_Library/Class/CDC/Src/usbd_cdc.o
 .text.USBD_CDC_DataOut
                0x0000000008006938       0x56 ./Middlewares/ST/STM32_USB_Device_Library/Class/CDC/Src/usbd_cdc.o
 .text.USBD_CDC_EP0_RxReady
                0x000000000800698e       0x50 ./Middlewares/ST/STM32_USB_Device_Library/Class/CDC/Src/usbd_cdc.o
 *fill*         0x00000000080069de        0x2 
 .text.USBD_CDC_GetFSCfgDesc
                0x00000000080069e0       0x20 ./Middlewares/ST/STM32_USB_Device_Library/Class/CDC/Src/usbd_cdc.o
 .text.USBD_CDC_GetHSCfgDesc
                0x0000000008006a00       0x20 ./Middlewares/ST/STM32_USB_Device_Library/Class/CDC/Src/usbd_cdc.o
 .text.USBD_CDC_GetOtherSpeedCfgDesc
                0x0000000008006a20       0x20 ./Middlewares/ST/STM32_USB_Device_Library/Class/CDC/Src/usbd_cdc.o
 .text.USBD_CDC_GetDeviceQualifierDescriptor
                0x0000000008006a40       0x20 ./Middlewares/ST/STM32_USB_Device_Library/Class/CDC/Src/usbd_cdc.o
                0x0000000008006a40                USBD_CDC_GetDeviceQualifierDescriptor
 .text.USBD_CDC_RegisterInterface
                0x0000000008006a60       0x2c ./Middlewares/ST/STM32_USB_Device_Library/Class/CDC/Src/usbd_cdc.o
                0x0000000008006a60                USBD_CDC_RegisterInterface
 .text.USBD_CDC_SetTxBuffer
                0x0000000008006a8c       0x32 ./Middlewares/ST/STM32_USB_Device_Library/Class/CDC/Src/usbd_cdc.o
                0x0000000008006a8c                USBD_CDC_SetTxBuffer
 .text.USBD_CDC_SetRxBuffer
                0x0000000008006abe       0x26 ./Middlewares/ST/STM32_USB_Device_Library/Class/CDC/Src/usbd_cdc.o
                0x0000000008006abe                USBD_CDC_SetRxBuffer
 .text.USBD_CDC_TransmitPacket
                0x0000000008006ae4       0x5e ./Middlewares/ST/STM32_USB_Device_Library/Class/CDC/Src/usbd_cdc.o
                0x0000000008006ae4                USBD_CDC_TransmitPacket
 .text.USBD_CDC_ReceivePacket
                0x0000000008006b42       0x54 ./Middlewares/ST/STM32_USB_Device_Library/Class/CDC/Src/usbd_cdc.o
                0x0000000008006b42                USBD_CDC_ReceivePacket
 .text.USBD_Init
                0x0000000008006b96       0x56 ./Middlewares/ST/STM32_USB_Device_Library/Core/Src/usbd_core.o
                0x0000000008006b96                USBD_Init
 .text.USBD_RegisterClass
                0x0000000008006bec       0x32 ./Middlewares/ST/STM32_USB_Device_Library/Core/Src/usbd_core.o
                0x0000000008006bec                USBD_RegisterClass
 .text.USBD_Start
                0x0000000008006c1e       0x18 ./Middlewares/ST/STM32_USB_Device_Library/Core/Src/usbd_core.o
                0x0000000008006c1e                USBD_Start
 .text.USBD_RunTestMode
                0x0000000008006c36       0x14 ./Middlewares/ST/STM32_USB_Device_Library/Core/Src/usbd_core.o
                0x0000000008006c36                USBD_RunTestMode
 .text.USBD_SetClassConfig
                0x0000000008006c4a       0x3e ./Middlewares/ST/STM32_USB_Device_Library/Core/Src/usbd_core.o
                0x0000000008006c4a                USBD_SetClassConfig
 .text.USBD_ClrClassConfig
                0x0000000008006c88       0x26 ./Middlewares/ST/STM32_USB_Device_Library/Core/Src/usbd_core.o
                0x0000000008006c88                USBD_ClrClassConfig
 .text.USBD_LL_SetupStage
                0x0000000008006cae       0x9a ./Middlewares/ST/STM32_USB_Device_Library/Core/Src/usbd_core.o
                0x0000000008006cae                USBD_LL_SetupStage
 .text.USBD_LL_DataOutStage
                0x0000000008006d48       0xe2 ./Middlewares/ST/STM32_USB_Device_Library/Core/Src/usbd_core.o
                0x0000000008006d48                USBD_LL_DataOutStage
 .text.USBD_LL_DataInStage
                0x0000000008006e2a      0x14a ./Middlewares/ST/STM32_USB_Device_Library/Core/Src/usbd_core.o
                0x0000000008006e2a                USBD_LL_DataInStage
 .text.USBD_LL_Reset
                0x0000000008006f74       0x82 ./Middlewares/ST/STM32_USB_Device_Library/Core/Src/usbd_core.o
                0x0000000008006f74                USBD_LL_Reset
 .text.USBD_LL_SetSpeed
                0x0000000008006ff6       0x1e ./Middlewares/ST/STM32_USB_Device_Library/Core/Src/usbd_core.o
                0x0000000008006ff6                USBD_LL_SetSpeed
 .text.USBD_LL_Suspend
                0x0000000008007014       0x28 ./Middlewares/ST/STM32_USB_Device_Library/Core/Src/usbd_core.o
                0x0000000008007014                USBD_LL_Suspend
 .text.USBD_LL_Resume
                0x000000000800703c       0x2a ./Middlewares/ST/STM32_USB_Device_Library/Core/Src/usbd_core.o
                0x000000000800703c                USBD_LL_Resume
 .text.USBD_LL_SOF
                0x0000000008007066       0x34 ./Middlewares/ST/STM32_USB_Device_Library/Core/Src/usbd_core.o
                0x0000000008007066                USBD_LL_SOF
 *fill*         0x000000000800709a        0x2 
 .text.USBD_StdDevReq
                0x000000000800709c       0xd4 ./Middlewares/ST/STM32_USB_Device_Library/Core/Src/usbd_ctlreq.o
                0x000000000800709c                USBD_StdDevReq
 .text.USBD_StdItfReq
                0x0000000008007170       0x90 ./Middlewares/ST/STM32_USB_Device_Library/Core/Src/usbd_ctlreq.o
                0x0000000008007170                USBD_StdItfReq
 .text.USBD_StdEPReq
                0x0000000008007200      0x2c6 ./Middlewares/ST/STM32_USB_Device_Library/Core/Src/usbd_ctlreq.o
                0x0000000008007200                USBD_StdEPReq
 *fill*         0x00000000080074c6        0x2 
 .text.USBD_GetDescriptor
                0x00000000080074c8      0x2d0 ./Middlewares/ST/STM32_USB_Device_Library/Core/Src/usbd_ctlreq.o
 .text.USBD_SetAddress
                0x0000000008007798       0x86 ./Middlewares/ST/STM32_USB_Device_Library/Core/Src/usbd_ctlreq.o
 *fill*         0x000000000800781e        0x2 
 .text.USBD_SetConfig
                0x0000000008007820      0x11c ./Middlewares/ST/STM32_USB_Device_Library/Core/Src/usbd_ctlreq.o
 .text.USBD_GetConfig
                0x000000000800793c       0x6a ./Middlewares/ST/STM32_USB_Device_Library/Core/Src/usbd_ctlreq.o
 .text.USBD_GetStatus
                0x00000000080079a6       0x66 ./Middlewares/ST/STM32_USB_Device_Library/Core/Src/usbd_ctlreq.o
 .text.USBD_SetFeature
                0x0000000008007a0c       0x28 ./Middlewares/ST/STM32_USB_Device_Library/Core/Src/usbd_ctlreq.o
 .text.USBD_ClrFeature
                0x0000000008007a34       0x42 ./Middlewares/ST/STM32_USB_Device_Library/Core/Src/usbd_ctlreq.o
 .text.USBD_ParseSetupRequest
                0x0000000008007a76       0x78 ./Middlewares/ST/STM32_USB_Device_Library/Core/Src/usbd_ctlreq.o
                0x0000000008007a76                USBD_ParseSetupRequest
 .text.USBD_CtlError
                0x0000000008007aee       0x22 ./Middlewares/ST/STM32_USB_Device_Library/Core/Src/usbd_ctlreq.o
                0x0000000008007aee                USBD_CtlError
 .text.USBD_GetString
                0x0000000008007b10       0x84 ./Middlewares/ST/STM32_USB_Device_Library/Core/Src/usbd_ctlreq.o
                0x0000000008007b10                USBD_GetString
 .text.USBD_GetLen
                0x0000000008007b94       0x2e ./Middlewares/ST/STM32_USB_Device_Library/Core/Src/usbd_ctlreq.o
 .text.USBD_CtlSendData
                0x0000000008007bc2       0x38 ./Middlewares/ST/STM32_USB_Device_Library/Core/Src/usbd_ioreq.o
                0x0000000008007bc2                USBD_CtlSendData
 .text.USBD_CtlContinueSendData
                0x0000000008007bfa       0x24 ./Middlewares/ST/STM32_USB_Device_Library/Core/Src/usbd_ioreq.o
                0x0000000008007bfa                USBD_CtlContinueSendData
 .text.USBD_CtlPrepareRx
                0x0000000008007c1e       0x3c ./Middlewares/ST/STM32_USB_Device_Library/Core/Src/usbd_ioreq.o
                0x0000000008007c1e                USBD_CtlPrepareRx
 .text.USBD_CtlContinueRx
                0x0000000008007c5a       0x24 ./Middlewares/ST/STM32_USB_Device_Library/Core/Src/usbd_ioreq.o
                0x0000000008007c5a                USBD_CtlContinueRx
 .text.USBD_CtlSendStatus
                0x0000000008007c7e       0x26 ./Middlewares/ST/STM32_USB_Device_Library/Core/Src/usbd_ioreq.o
                0x0000000008007c7e                USBD_CtlSendStatus
 .text.USBD_CtlReceiveStatus
                0x0000000008007ca4       0x26 ./Middlewares/ST/STM32_USB_Device_Library/Core/Src/usbd_ioreq.o
                0x0000000008007ca4                USBD_CtlReceiveStatus
 *fill*         0x0000000008007cca        0x2 
 .text.MX_USB_DEVICE_Init
                0x0000000008007ccc       0x60 ./USB_DEVICE/App/usb_device.o
                0x0000000008007ccc                MX_USB_DEVICE_Init
 .text.CDC_Init_FS
                0x0000000008007d2c       0x28 ./USB_DEVICE/App/usbd_cdc_if.o
 .text.CDC_DeInit_FS
                0x0000000008007d54        0xe ./USB_DEVICE/App/usbd_cdc_if.o
 *fill*         0x0000000008007d62        0x2 
 .text.CDC_Control_FS
                0x0000000008007d64       0xbc ./USB_DEVICE/App/usbd_cdc_if.o
 .text.CDC_Receive_FS
                0x0000000008007e20       0x2c ./USB_DEVICE/App/usbd_cdc_if.o
 .text.CDC_Transmit_FS
                0x0000000008007e4c       0x4c ./USB_DEVICE/App/usbd_cdc_if.o
                0x0000000008007e4c                CDC_Transmit_FS
 .text.USBD_FS_DeviceDescriptor
                0x0000000008007e98       0x24 ./USB_DEVICE/App/usbd_desc.o
                0x0000000008007e98                USBD_FS_DeviceDescriptor
 .text.USBD_FS_LangIDStrDescriptor
                0x0000000008007ebc       0x24 ./USB_DEVICE/App/usbd_desc.o
                0x0000000008007ebc                USBD_FS_LangIDStrDescriptor
 .text.USBD_FS_ProductStrDescriptor
                0x0000000008007ee0       0x3c ./USB_DEVICE/App/usbd_desc.o
                0x0000000008007ee0                USBD_FS_ProductStrDescriptor
 .text.USBD_FS_ManufacturerStrDescriptor
                0x0000000008007f1c       0x28 ./USB_DEVICE/App/usbd_desc.o
                0x0000000008007f1c                USBD_FS_ManufacturerStrDescriptor
 .text.USBD_FS_SerialStrDescriptor
                0x0000000008007f44       0x24 ./USB_DEVICE/App/usbd_desc.o
                0x0000000008007f44                USBD_FS_SerialStrDescriptor
 .text.USBD_FS_ConfigStrDescriptor
                0x0000000008007f68       0x3c ./USB_DEVICE/App/usbd_desc.o
                0x0000000008007f68                USBD_FS_ConfigStrDescriptor
 .text.USBD_FS_InterfaceStrDescriptor
                0x0000000008007fa4       0x3c ./USB_DEVICE/App/usbd_desc.o
                0x0000000008007fa4                USBD_FS_InterfaceStrDescriptor
 .text.Get_SerialNum
                0x0000000008007fe0       0x58 ./USB_DEVICE/App/usbd_desc.o
 .text.IntToUnicode
                0x0000000008008038       0x7c ./USB_DEVICE/App/usbd_desc.o
 .text.HAL_PCD_MspInit
                0x00000000080080b4       0x4c ./USB_DEVICE/Target/usbd_conf.o
                0x00000000080080b4                HAL_PCD_MspInit
 .text.HAL_PCD_SetupStageCallback
                0x0000000008008100       0x24 ./USB_DEVICE/Target/usbd_conf.o
                0x0000000008008100                HAL_PCD_SetupStageCallback
 .text.HAL_PCD_DataOutStageCallback
                0x0000000008008124       0x36 ./USB_DEVICE/Target/usbd_conf.o
                0x0000000008008124                HAL_PCD_DataOutStageCallback
 .text.HAL_PCD_DataInStageCallback
                0x000000000800815a       0x34 ./USB_DEVICE/Target/usbd_conf.o
                0x000000000800815a                HAL_PCD_DataInStageCallback
 .text.HAL_PCD_SOFCallback
                0x000000000800818e       0x1c ./USB_DEVICE/Target/usbd_conf.o
                0x000000000800818e                HAL_PCD_SOFCallback
 .text.HAL_PCD_ResetCallback
                0x00000000080081aa       0x3c ./USB_DEVICE/Target/usbd_conf.o
                0x00000000080081aa                HAL_PCD_ResetCallback
 *fill*         0x00000000080081e6        0x2 
 .text.HAL_PCD_SuspendCallback
                0x00000000080081e8       0x34 ./USB_DEVICE/Target/usbd_conf.o
                0x00000000080081e8                HAL_PCD_SuspendCallback
 .text.HAL_PCD_ResumeCallback
                0x000000000800821c       0x1c ./USB_DEVICE/Target/usbd_conf.o
                0x000000000800821c                HAL_PCD_ResumeCallback
 .text.USBD_LL_Init
                0x0000000008008238       0xb4 ./USB_DEVICE/Target/usbd_conf.o
                0x0000000008008238                USBD_LL_Init
 .text.USBD_LL_Start
                0x00000000080082ec       0x36 ./USB_DEVICE/Target/usbd_conf.o
                0x00000000080082ec                USBD_LL_Start
 .text.USBD_LL_OpenEP
                0x0000000008008322       0x4c ./USB_DEVICE/Target/usbd_conf.o
                0x0000000008008322                USBD_LL_OpenEP
 .text.USBD_LL_CloseEP
                0x000000000800836e       0x3e ./USB_DEVICE/Target/usbd_conf.o
                0x000000000800836e                USBD_LL_CloseEP
 .text.USBD_LL_StallEP
                0x00000000080083ac       0x3e ./USB_DEVICE/Target/usbd_conf.o
                0x00000000080083ac                USBD_LL_StallEP
 .text.USBD_LL_ClearStallEP
                0x00000000080083ea       0x3e ./USB_DEVICE/Target/usbd_conf.o
                0x00000000080083ea                USBD_LL_ClearStallEP
 .text.USBD_LL_IsStallEP
                0x0000000008008428       0x58 ./USB_DEVICE/Target/usbd_conf.o
                0x0000000008008428                USBD_LL_IsStallEP
 .text.USBD_LL_SetUSBAddress
                0x0000000008008480       0x3e ./USB_DEVICE/Target/usbd_conf.o
                0x0000000008008480                USBD_LL_SetUSBAddress
 .text.USBD_LL_Transmit
                0x00000000080084be       0x46 ./USB_DEVICE/Target/usbd_conf.o
                0x00000000080084be                USBD_LL_Transmit
 .text.USBD_LL_PrepareReceive
                0x0000000008008504       0x46 ./USB_DEVICE/Target/usbd_conf.o
                0x0000000008008504                USBD_LL_PrepareReceive
 .text.USBD_LL_GetRxDataSize
                0x000000000800854a       0x26 ./USB_DEVICE/Target/usbd_conf.o
                0x000000000800854a                USBD_LL_GetRxDataSize
 .text.USBD_static_malloc
                0x0000000008008570       0x18 ./USB_DEVICE/Target/usbd_conf.o
                0x0000000008008570                USBD_static_malloc
 .text.USBD_static_free
                0x0000000008008588       0x12 ./USB_DEVICE/Target/usbd_conf.o
                0x0000000008008588                USBD_static_free
 .text.HAL_PCDEx_SetConnectionState
                0x000000000800859a       0x16 ./USB_DEVICE/Target/usbd_conf.o
                0x000000000800859a                HAL_PCDEx_SetConnectionState
 .text.USBD_Get_USB_Status
                0x00000000080085b0       0x58 ./USB_DEVICE/Target/usbd_conf.o
 .text.__errno  0x0000000008008608        0xc c:/st/stm32cubeide_1.12.0/stm32cubeide/plugins/com.st.stm32cube.ide.mcu.externaltools.gnu-tools-for-stm32.10.3-2021.10.win32_1.0.200.202301161003/tools/bin/../lib/gcc/arm-none-eabi/10.3.1/../../../../arm-none-eabi/lib/thumb/v7-m/nofp\libc_nano.a(lib_a-errno.o)
                0x0000000008008608                __errno
 .text.__libc_init_array
                0x0000000008008614       0x48 c:/st/stm32cubeide_1.12.0/stm32cubeide/plugins/com.st.stm32cube.ide.mcu.externaltools.gnu-tools-for-stm32.10.3-2021.10.win32_1.0.200.202301161003/tools/bin/../lib/gcc/arm-none-eabi/10.3.1/../../../../arm-none-eabi/lib/thumb/v7-m/nofp\libc_nano.a(lib_a-init.o)
                0x0000000008008614                __libc_init_array
 .text.memset   0x000000000800865c       0x10 c:/st/stm32cubeide_1.12.0/stm32cubeide/plugins/com.st.stm32cube.ide.mcu.externaltools.gnu-tools-for-stm32.10.3-2021.10.win32_1.0.200.202301161003/tools/bin/../lib/gcc/arm-none-eabi/10.3.1/../../../../arm-none-eabi/lib/thumb/v7-m/nofp\libc_nano.a(lib_a-memset.o)
                0x000000000800865c                memset
 .text.sprintf  0x000000000800866c       0x40 c:/st/stm32cubeide_1.12.0/stm32cubeide/plugins/com.st.stm32cube.ide.mcu.externaltools.gnu-tools-for-stm32.10.3-2021.10.win32_1.0.200.202301161003/tools/bin/../lib/gcc/arm-none-eabi/10.3.1/../../../../arm-none-eabi/lib/thumb/v7-m/nofp\libc_nano.a(lib_a-sprintf.o)
                0x000000000800866c                siprintf
                0x000000000800866c                sprintf
 .text.strncmp  0x00000000080086ac       0x28 c:/st/stm32cubeide_1.12.0/stm32cubeide/plugins/com.st.stm32cube.ide.mcu.externaltools.gnu-tools-for-stm32.10.3-2021.10.win32_1.0.200.202301161003/tools/bin/../lib/gcc/arm-none-eabi/10.3.1/../../../../arm-none-eabi/lib/thumb/v7-m/nofp\libc_nano.a(lib_a-strncmp.o)
                0x00000000080086ac                strncmp
 .text.__ssputs_r
                0x00000000080086d4       0xb6 c:/st/stm32cubeide_1.12.0/stm32cubeide/plugins/com.st.stm32cube.ide.mcu.externaltools.gnu-tools-for-stm32.10.3-2021.10.win32_1.0.200.202301161003/tools/bin/../lib/gcc/arm-none-eabi/10.3.1/../../../../arm-none-eabi/lib/thumb/v7-m/nofp\libc_nano.a(lib_a-nano-svfprintf.o)
                0x00000000080086d4                __ssputs_r
 *fill*         0x000000000800878a        0x2 
 .text._svfprintf_r
                0x000000000800878c      0x200 c:/st/stm32cubeide_1.12.0/stm32cubeide/plugins/com.st.stm32cube.ide.mcu.externaltools.gnu-tools-for-stm32.10.3-2021.10.win32_1.0.200.202301161003/tools/bin/../lib/gcc/arm-none-eabi/10.3.1/../../../../arm-none-eabi/lib/thumb/v7-m/nofp\libc_nano.a(lib_a-nano-svfprintf.o)
                0x000000000800878c                _svfiprintf_r
                0x000000000800878c                _svfprintf_r
 .text._printf_common
                0x000000000800898c       0xde c:/st/stm32cubeide_1.12.0/stm32cubeide/plugins/com.st.stm32cube.ide.mcu.externaltools.gnu-tools-for-stm32.10.3-2021.10.win32_1.0.200.202301161003/tools/bin/../lib/gcc/arm-none-eabi/10.3.1/../../../../arm-none-eabi/lib/thumb/v7-m/nofp\libc_nano.a(lib_a-nano-vfprintf_i.o)
                0x000000000800898c                _printf_common
 *fill*         0x0000000008008a6a        0x2 
 .text._printf_i
                0x0000000008008a6c      0x24c c:/st/stm32cubeide_1.12.0/stm32cubeide/plugins/com.st.stm32cube.ide.mcu.externaltools.gnu-tools-for-stm32.10.3-2021.10.win32_1.0.200.202301161003/tools/bin/../lib/gcc/arm-none-eabi/10.3.1/../../../../arm-none-eabi/lib/thumb/v7-m/nofp\libc_nano.a(lib_a-nano-vfprintf_i.o)
                0x0000000008008a6c                _printf_i
 .text.memchr   0x0000000008008cb8       0x1c c:/st/stm32cubeide_1.12.0/stm32cubeide/plugins/com.st.stm32cube.ide.mcu.externaltools.gnu-tools-for-stm32.10.3-2021.10.win32_1.0.200.202301161003/tools/bin/../lib/gcc/arm-none-eabi/10.3.1/../../../../arm-none-eabi/lib/thumb/v7-m/nofp\libc_nano.a(lib_a-memchr-stub.o)
                0x0000000008008cb8                memchr
 .text.memcpy   0x0000000008008cd4       0x1c c:/st/stm32cubeide_1.12.0/stm32cubeide/plugins/com.st.stm32cube.ide.mcu.externaltools.gnu-tools-for-stm32.10.3-2021.10.win32_1.0.200.202301161003/tools/bin/../lib/gcc/arm-none-eabi/10.3.1/../../../../arm-none-eabi/lib/thumb/v7-m/nofp\libc_nano.a(lib_a-memcpy-stub.o)
                0x0000000008008cd4                memcpy
 .text.memmove  0x0000000008008cf0       0x34 c:/st/stm32cubeide_1.12.0/stm32cubeide/plugins/com.st.stm32cube.ide.mcu.externaltools.gnu-tools-for-stm32.10.3-2021.10.win32_1.0.200.202301161003/tools/bin/../lib/gcc/arm-none-eabi/10.3.1/../../../../arm-none-eabi/lib/thumb/v7-m/nofp\libc_nano.a(lib_a-memmove.o)
                0x0000000008008cf0                memmove
 .text._free_r  0x0000000008008d24       0x90 c:/st/stm32cubeide_1.12.0/stm32cubeide/plugins/com.st.stm32cube.ide.mcu.externaltools.gnu-tools-for-stm32.10.3-2021.10.win32_1.0.200.202301161003/tools/bin/../lib/gcc/arm-none-eabi/10.3.1/../../../../arm-none-eabi/lib/thumb/v7-m/nofp\libc_nano.a(lib_a-nano-freer.o)
                0x0000000008008d24                _free_r
 .text.sbrk_aligned
                0x0000000008008db4       0x40 c:/st/stm32cubeide_1.12.0/stm32cubeide/plugins/com.st.stm32cube.ide.mcu.externaltools.gnu-tools-for-stm32.10.3-2021.10.win32_1.0.200.202301161003/tools/bin/../lib/gcc/arm-none-eabi/10.3.1/../../../../arm-none-eabi/lib/thumb/v7-m/nofp\libc_nano.a(lib_a-nano-mallocr.o)
 .text._malloc_r
                0x0000000008008df4       0xe8 c:/st/stm32cubeide_1.12.0/stm32cubeide/plugins/com.st.stm32cube.ide.mcu.externaltools.gnu-tools-for-stm32.10.3-2021.10.win32_1.0.200.202301161003/tools/bin/../lib/gcc/arm-none-eabi/10.3.1/../../../../arm-none-eabi/lib/thumb/v7-m/nofp\libc_nano.a(lib_a-nano-mallocr.o)
                0x0000000008008df4                _malloc_r
 .text._realloc_r
                0x0000000008008edc       0x5e c:/st/stm32cubeide_1.12.0/stm32cubeide/plugins/com.st.stm32cube.ide.mcu.externaltools.gnu-tools-for-stm32.10.3-2021.10.win32_1.0.200.202301161003/tools/bin/../lib/gcc/arm-none-eabi/10.3.1/../../../../arm-none-eabi/lib/thumb/v7-m/nofp\libc_nano.a(lib_a-nano-reallocr.o)
                0x0000000008008edc                _realloc_r
 *fill*         0x0000000008008f3a        0x2 
 .text._sbrk_r  0x0000000008008f3c       0x20 c:/st/stm32cubeide_1.12.0/stm32cubeide/plugins/com.st.stm32cube.ide.mcu.externaltools.gnu-tools-for-stm32.10.3-2021.10.win32_1.0.200.202301161003/tools/bin/../lib/gcc/arm-none-eabi/10.3.1/../../../../arm-none-eabi/lib/thumb/v7-m/nofp\libc_nano.a(lib_a-sbrkr.o)
                0x0000000008008f3c                _sbrk_r
 .text.__malloc_lock
                0x0000000008008f5c        0xc c:/st/stm32cubeide_1.12.0/stm32cubeide/plugins/com.st.stm32cube.ide.mcu.externaltools.gnu-tools-for-stm32.10.3-2021.10.win32_1.0.200.202301161003/tools/bin/../lib/gcc/arm-none-eabi/10.3.1/../../../../arm-none-eabi/lib/thumb/v7-m/nofp\libc_nano.a(lib_a-mlock.o)
                0x0000000008008f5c                __malloc_lock
 .text.__malloc_unlock
                0x0000000008008f68        0xc c:/st/stm32cubeide_1.12.0/stm32cubeide/plugins/com.st.stm32cube.ide.mcu.externaltools.gnu-tools-for-stm32.10.3-2021.10.win32_1.0.200.202301161003/tools/bin/../lib/gcc/arm-none-eabi/10.3.1/../../../../arm-none-eabi/lib/thumb/v7-m/nofp\libc_nano.a(lib_a-mlock.o)
                0x0000000008008f68                __malloc_unlock
 .text._malloc_usable_size_r
                0x0000000008008f74       0x10 c:/st/stm32cubeide_1.12.0/stm32cubeide/plugins/com.st.stm32cube.ide.mcu.externaltools.gnu-tools-for-stm32.10.3-2021.10.win32_1.0.200.202301161003/tools/bin/../lib/gcc/arm-none-eabi/10.3.1/../../../../arm-none-eabi/lib/thumb/v7-m/nofp\libc_nano.a(lib_a-nano-msizer.o)
                0x0000000008008f74                _malloc_usable_size_r
 .text.__retarget_lock_acquire_recursive
                0x0000000008008f84        0x2 c:/st/stm32cubeide_1.12.0/stm32cubeide/plugins/com.st.stm32cube.ide.mcu.externaltools.gnu-tools-for-stm32.10.3-2021.10.win32_1.0.200.202301161003/tools/bin/../lib/gcc/arm-none-eabi/10.3.1/../../../../arm-none-eabi/lib/thumb/v7-m/nofp\libc_nano.a(lib_a-lock.o)
                0x0000000008008f84                __retarget_lock_acquire_recursive
 .text.__retarget_lock_release_recursive
                0x0000000008008f86        0x2 c:/st/stm32cubeide_1.12.0/stm32cubeide/plugins/com.st.stm32cube.ide.mcu.externaltools.gnu-tools-for-stm32.10.3-2021.10.win32_1.0.200.202301161003/tools/bin/../lib/gcc/arm-none-eabi/10.3.1/../../../../arm-none-eabi/lib/thumb/v7-m/nofp\libc_nano.a(lib_a-lock.o)
                0x0000000008008f86                __retarget_lock_release_recursive
 *(.glue_7)
 .glue_7        0x0000000008008f88        0x0 linker stubs
 *(.glue_7t)
 .glue_7t       0x0000000008008f88        0x0 linker stubs
 *(.eh_frame)
 .eh_frame      0x0000000008008f88        0x0 c:/st/stm32cubeide_1.12.0/stm32cubeide/plugins/com.st.stm32cube.ide.mcu.externaltools.gnu-tools-for-stm32.10.3-2021.10.win32_1.0.200.202301161003/tools/bin/../lib/gcc/arm-none-eabi/10.3.1/thumb/v7-m/nofp/crtbegin.o
 *(.init)
 .init          0x0000000008008f88        0x4 c:/st/stm32cubeide_1.12.0/stm32cubeide/plugins/com.st.stm32cube.ide.mcu.externaltools.gnu-tools-for-stm32.10.3-2021.10.win32_1.0.200.202301161003/tools/bin/../lib/gcc/arm-none-eabi/10.3.1/thumb/v7-m/nofp/crti.o
                0x0000000008008f88                _init
 .init          0x0000000008008f8c        0x8 c:/st/stm32cubeide_1.12.0/stm32cubeide/plugins/com.st.stm32cube.ide.mcu.externaltools.gnu-tools-for-stm32.10.3-2021.10.win32_1.0.200.202301161003/tools/bin/../lib/gcc/arm-none-eabi/10.3.1/thumb/v7-m/nofp/crtn.o
 *(.fini)
 .fini          0x0000000008008f94        0x4 c:/st/stm32cubeide_1.12.0/stm32cubeide/plugins/com.st.stm32cube.ide.mcu.externaltools.gnu-tools-for-stm32.10.3-2021.10.win32_1.0.200.202301161003/tools/bin/../lib/gcc/arm-none-eabi/10.3.1/thumb/v7-m/nofp/crti.o
                0x0000000008008f94                _fini
 .fini          0x0000000008008f98        0x8 c:/st/stm32cubeide_1.12.0/stm32cubeide/plugins/com.st.stm32cube.ide.mcu.externaltools.gnu-tools-for-stm32.10.3-2021.10.win32_1.0.200.202301161003/tools/bin/../lib/gcc/arm-none-eabi/10.3.1/thumb/v7-m/nofp/crtn.o
                0x0000000008008fa0                . = ALIGN (0x4)
                0x0000000008008fa0                _etext = .

.vfp11_veneer   0x0000000008008fa0        0x0
 .vfp11_veneer  0x0000000008008fa0        0x0 linker stubs

.v4_bx          0x0000000008008fa0        0x0
 .v4_bx         0x0000000008008fa0        0x0 linker stubs

.iplt           0x0000000008008fa0        0x0
 .iplt          0x0000000008008fa0        0x0 c:/st/stm32cubeide_1.12.0/stm32cubeide/plugins/com.st.stm32cube.ide.mcu.externaltools.gnu-tools-for-stm32.10.3-2021.10.win32_1.0.200.202301161003/tools/bin/../lib/gcc/arm-none-eabi/10.3.1/thumb/v7-m/nofp/crtbegin.o

.rodata         0x0000000008008fa0      0x1ac
                0x0000000008008fa0                . = ALIGN (0x4)
 *(.rodata)
 .rodata        0x0000000008008fa0      0x118 ./Core/Src/main.o
 .rodata        0x00000000080090b8       0x3a ./USB_DEVICE/App/usbd_desc.o
 *(.rodata*)
 *fill*         0x00000000080090f2        0x2 
 .rodata.AHBPrescTable
                0x00000000080090f4       0x10 ./Core/Src/system_stm32f1xx.o
                0x00000000080090f4                AHBPrescTable
 .rodata.aPLLMULFactorTable.1
                0x0000000008009104       0x10 ./Drivers/STM32F1xx_HAL_Driver/Src/stm32f1xx_hal_rcc.o
 .rodata.aPredivFactorTable.0
                0x0000000008009114        0x2 ./Drivers/STM32F1xx_HAL_Driver/Src/stm32f1xx_hal_rcc.o
 .rodata._svfprintf_r.str1.1
                0x0000000008009116       0x11 c:/st/stm32cubeide_1.12.0/stm32cubeide/plugins/com.st.stm32cube.ide.mcu.externaltools.gnu-tools-for-stm32.10.3-2021.10.win32_1.0.200.202301161003/tools/bin/../lib/gcc/arm-none-eabi/10.3.1/../../../../arm-none-eabi/lib/thumb/v7-m/nofp\libc_nano.a(lib_a-nano-svfprintf.o)
 .rodata._printf_i.str1.1
                0x0000000008009127       0x22 c:/st/stm32cubeide_1.12.0/stm32cubeide/plugins/com.st.stm32cube.ide.mcu.externaltools.gnu-tools-for-stm32.10.3-2021.10.win32_1.0.200.202301161003/tools/bin/../lib/gcc/arm-none-eabi/10.3.1/../../../../arm-none-eabi/lib/thumb/v7-m/nofp\libc_nano.a(lib_a-nano-vfprintf_i.o)
                0x000000000800914c                . = ALIGN (0x4)
 *fill*         0x0000000008009149        0x3 

.rel.dyn        0x000000000800914c        0x0
 .rel.iplt      0x000000000800914c        0x0 c:/st/stm32cubeide_1.12.0/stm32cubeide/plugins/com.st.stm32cube.ide.mcu.externaltools.gnu-tools-for-stm32.10.3-2021.10.win32_1.0.200.202301161003/tools/bin/../lib/gcc/arm-none-eabi/10.3.1/thumb/v7-m/nofp/crtbegin.o

.ARM.extab      0x000000000800914c        0x0
                0x000000000800914c                . = ALIGN (0x4)
 *(.ARM.extab* .gnu.linkonce.armextab.*)
                0x000000000800914c                . = ALIGN (0x4)

.ARM            0x000000000800914c        0x0
                0x000000000800914c                . = ALIGN (0x4)
                0x000000000800914c                __exidx_start = .
 *(.ARM.exidx*)
                0x000000000800914c                __exidx_end = .
                0x000000000800914c                . = ALIGN (0x4)

.preinit_array  0x000000000800914c        0x0
                0x000000000800914c                . = ALIGN (0x4)
                0x000000000800914c                PROVIDE (__preinit_array_start = .)
 *(.preinit_array*)
                0x000000000800914c                PROVIDE (__preinit_array_end = .)
                0x000000000800914c                . = ALIGN (0x4)

.init_array     0x000000000800914c        0x4
                0x000000000800914c                . = ALIGN (0x4)
                0x000000000800914c                PROVIDE (__init_array_start = .)
 *(SORT_BY_NAME(.init_array.*))
 *(.init_array*)
 .init_array    0x000000000800914c        0x4 c:/st/stm32cubeide_1.12.0/stm32cubeide/plugins/com.st.stm32cube.ide.mcu.externaltools.gnu-tools-for-stm32.10.3-2021.10.win32_1.0.200.202301161003/tools/bin/../lib/gcc/arm-none-eabi/10.3.1/thumb/v7-m/nofp/crtbegin.o
                0x0000000008009150                PROVIDE (__init_array_end = .)
                0x0000000008009150                . = ALIGN (0x4)

.fini_array     0x0000000008009150        0x4
                0x0000000008009150                . = ALIGN (0x4)
                [!provide]                        PROVIDE (__fini_array_start = .)
 *(SORT_BY_NAME(.fini_array.*))
 *(.fini_array*)
 .fini_array    0x0000000008009150        0x4 c:/st/stm32cubeide_1.12.0/stm32cubeide/plugins/com.st.stm32cube.ide.mcu.externaltools.gnu-tools-for-stm32.10.3-2021.10.win32_1.0.200.202301161003/tools/bin/../lib/gcc/arm-none-eabi/10.3.1/thumb/v7-m/nofp/crtbegin.o
                [!provide]                        PROVIDE (__fini_array_end = .)
                0x0000000008009154                . = ALIGN (0x4)
                0x0000000008009154                _sidata = LOADADDR (.data)

.data           0x0000000020000000      0x208 load address 0x0000000008009154
                0x0000000020000000                . = ALIGN (0x4)
                0x0000000020000000                _sdata = .
 *(.data)
 *(.data*)
 .data.p_rxMsgUsb
                0x0000000020000000        0x4 ./Core/Src/main.o
                0x0000000020000000                p_rxMsgUsb
 .data.REL_CLO  0x0000000020000004        0x4 ./Core/Src/main.o
                0x0000000020000004                REL_CLO
 .data.REL_OPE  0x0000000020000008        0x4 ./Core/Src/main.o
                0x0000000020000008                REL_OPE
 .data.REL_OUT  0x000000002000000c        0x4 ./Core/Src/main.o
                0x000000002000000c                REL_OUT
 .data.SEN_INP  0x0000000020000010        0x4 ./Core/Src/main.o
                0x0000000020000010                SEN_INP
 .data.BRD_DES  0x0000000020000014        0x4 ./Core/Src/main.o
                0x0000000020000014                BRD_DES
 .data.STA_INP  0x0000000020000018        0x4 ./Core/Src/main.o
                0x0000000020000018                STA_INP
 .data.STA_OUT  0x000000002000001c        0x4 ./Core/Src/main.o
                0x000000002000001c                STA_OUT
 .data.MSG_FAI  0x0000000020000020        0x4 ./Core/Src/main.o
                0x0000000020000020                MSG_FAI
 .data.MSG_DES  0x0000000020000024        0x4 ./Core/Src/main.o
                0x0000000020000024                MSG_DES
 .data.SystemCoreClock
                0x0000000020000028        0x4 ./Core/Src/system_stm32f1xx.o
                0x0000000020000028                SystemCoreClock
 .data.uwTickPrio
                0x000000002000002c        0x4 ./Drivers/STM32F1xx_HAL_Driver/Src/stm32f1xx_hal.o
                0x000000002000002c                uwTickPrio
 .data.uwTickFreq
                0x0000000020000030        0x1 ./Drivers/STM32F1xx_HAL_Driver/Src/stm32f1xx_hal.o
                0x0000000020000030                uwTickFreq
 *fill*         0x0000000020000031        0x3 
 .data.USBD_CDC_DeviceQualifierDesc
                0x0000000020000034        0xa ./Middlewares/ST/STM32_USB_Device_Library/Class/CDC/Src/usbd_cdc.o
 *fill*         0x000000002000003e        0x2 
 .data.USBD_CDC
                0x0000000020000040       0x38 ./Middlewares/ST/STM32_USB_Device_Library/Class/CDC/Src/usbd_cdc.o
                0x0000000020000040                USBD_CDC
 .data.USBD_CDC_CfgHSDesc
                0x0000000020000078       0x43 ./Middlewares/ST/STM32_USB_Device_Library/Class/CDC/Src/usbd_cdc.o
                0x0000000020000078                USBD_CDC_CfgHSDesc
 *fill*         0x00000000200000bb        0x1 
 .data.USBD_CDC_CfgFSDesc
                0x00000000200000bc       0x43 ./Middlewares/ST/STM32_USB_Device_Library/Class/CDC/Src/usbd_cdc.o
                0x00000000200000bc                USBD_CDC_CfgFSDesc
 *fill*         0x00000000200000ff        0x1 
 .data.USBD_CDC_OtherSpeedCfgDesc
                0x0000000020000100       0x43 ./Middlewares/ST/STM32_USB_Device_Library/Class/CDC/Src/usbd_cdc.o
                0x0000000020000100                USBD_CDC_OtherSpeedCfgDesc
 *fill*         0x0000000020000143        0x1 
 .data.USBD_Interface_fops_FS
                0x0000000020000144       0x10 ./USB_DEVICE/App/usbd_cdc_if.o
                0x0000000020000144                USBD_Interface_fops_FS
 .data.FS_Desc  0x0000000020000154       0x1c ./USB_DEVICE/App/usbd_desc.o
                0x0000000020000154                FS_Desc
 .data.USBD_FS_DeviceDesc
                0x0000000020000170       0x12 ./USB_DEVICE/App/usbd_desc.o
                0x0000000020000170                USBD_FS_DeviceDesc
 *fill*         0x0000000020000182        0x2 
 .data.USBD_LangIDDesc
                0x0000000020000184        0x4 ./USB_DEVICE/App/usbd_desc.o
                0x0000000020000184                USBD_LangIDDesc
 .data.USBD_StringSerial
                0x0000000020000188       0x1a ./USB_DEVICE/App/usbd_desc.o
                0x0000000020000188                USBD_StringSerial
 *fill*         0x00000000200001a2        0x2 
 .data._impure_ptr
                0x00000000200001a4        0x4 c:/st/stm32cubeide_1.12.0/stm32cubeide/plugins/com.st.stm32cube.ide.mcu.externaltools.gnu-tools-for-stm32.10.3-2021.10.win32_1.0.200.202301161003/tools/bin/../lib/gcc/arm-none-eabi/10.3.1/../../../../arm-none-eabi/lib/thumb/v7-m/nofp\libc_nano.a(lib_a-impure.o)
                0x00000000200001a4                _impure_ptr
 .data.impure_data
                0x00000000200001a8       0x60 c:/st/stm32cubeide_1.12.0/stm32cubeide/plugins/com.st.stm32cube.ide.mcu.externaltools.gnu-tools-for-stm32.10.3-2021.10.win32_1.0.200.202301161003/tools/bin/../lib/gcc/arm-none-eabi/10.3.1/../../../../arm-none-eabi/lib/thumb/v7-m/nofp\libc_nano.a(lib_a-impure.o)
 *(.RamFunc)
 *(.RamFunc*)
                0x0000000020000208                . = ALIGN (0x4)
                0x0000000020000208                _edata = .

.igot.plt       0x0000000020000208        0x0 load address 0x000000000800935c
 .igot.plt      0x0000000020000208        0x0 c:/st/stm32cubeide_1.12.0/stm32cubeide/plugins/com.st.stm32cube.ide.mcu.externaltools.gnu-tools-for-stm32.10.3-2021.10.win32_1.0.200.202301161003/tools/bin/../lib/gcc/arm-none-eabi/10.3.1/thumb/v7-m/nofp/crtbegin.o
                0x0000000020000208                . = ALIGN (0x4)

.bss            0x0000000020000208     0x12bc load address 0x000000000800935c
                0x0000000020000208                _sbss = .
                0x0000000020000208                __bss_start__ = _sbss
 *(.bss)
 .bss           0x0000000020000208       0x1c c:/st/stm32cubeide_1.12.0/stm32cubeide/plugins/com.st.stm32cube.ide.mcu.externaltools.gnu-tools-for-stm32.10.3-2021.10.win32_1.0.200.202301161003/tools/bin/../lib/gcc/arm-none-eabi/10.3.1/thumb/v7-m/nofp/crtbegin.o
 *(.bss*)
 .bss.htim2     0x0000000020000224       0x48 ./Core/Src/main.o
                0x0000000020000224                htim2
 .bss.rxBufferMsgUsb
                0x000000002000026c       0x32 ./Core/Src/main.o
                0x000000002000026c                rxBufferMsgUsb
 *fill*         0x000000002000029e        0x2 
 .bss.msgReturn
                0x00000000200002a0       0x32 ./Core/Src/main.o
                0x00000000200002a0                msgReturn
 *fill*         0x00000000200002d2        0x2 
 .bss.__sbrk_heap_end
                0x00000000200002d4        0x4 ./Core/Src/sysmem.o
 .bss.uwTick    0x00000000200002d8        0x4 ./Drivers/STM32F1xx_HAL_Driver/Src/stm32f1xx_hal.o
                0x00000000200002d8                uwTick
 .bss.cfgidx.0  0x00000000200002dc        0x1 ./Middlewares/ST/STM32_USB_Device_Library/Core/Src/usbd_ctlreq.o
 *fill*         0x00000000200002dd        0x3 
 .bss.hUsbDeviceFS
                0x00000000200002e0      0x2c4 ./USB_DEVICE/App/usb_device.o
                0x00000000200002e0                hUsbDeviceFS
 .bss.UserRxBufferFS
                0x00000000200005a4      0x400 ./USB_DEVICE/App/usbd_cdc_if.o
                0x00000000200005a4                UserRxBufferFS
 .bss.UserTxBufferFS
                0x00000000200009a4      0x400 ./USB_DEVICE/App/usbd_cdc_if.o
                0x00000000200009a4                UserTxBufferFS
 .bss.USBD_StrDesc
                0x0000000020000da4      0x200 ./USB_DEVICE/App/usbd_desc.o
                0x0000000020000da4                USBD_StrDesc
 .bss.hpcd_USB_FS
                0x0000000020000fa4      0x2f0 ./USB_DEVICE/Target/usbd_conf.o
                0x0000000020000fa4                hpcd_USB_FS
 .bss.mem.0     0x0000000020001294      0x220 ./USB_DEVICE/Target/usbd_conf.o
 .bss.__malloc_free_list
                0x00000000200014b4        0x4 c:/st/stm32cubeide_1.12.0/stm32cubeide/plugins/com.st.stm32cube.ide.mcu.externaltools.gnu-tools-for-stm32.10.3-2021.10.win32_1.0.200.202301161003/tools/bin/../lib/gcc/arm-none-eabi/10.3.1/../../../../arm-none-eabi/lib/thumb/v7-m/nofp\libc_nano.a(lib_a-nano-mallocr.o)
                0x00000000200014b4                __malloc_free_list
 .bss.__malloc_sbrk_start
                0x00000000200014b8        0x4 c:/st/stm32cubeide_1.12.0/stm32cubeide/plugins/com.st.stm32cube.ide.mcu.externaltools.gnu-tools-for-stm32.10.3-2021.10.win32_1.0.200.202301161003/tools/bin/../lib/gcc/arm-none-eabi/10.3.1/../../../../arm-none-eabi/lib/thumb/v7-m/nofp\libc_nano.a(lib_a-nano-mallocr.o)
                0x00000000200014b8                __malloc_sbrk_start
 .bss.errno     0x00000000200014bc        0x4 c:/st/stm32cubeide_1.12.0/stm32cubeide/plugins/com.st.stm32cube.ide.mcu.externaltools.gnu-tools-for-stm32.10.3-2021.10.win32_1.0.200.202301161003/tools/bin/../lib/gcc/arm-none-eabi/10.3.1/../../../../arm-none-eabi/lib/thumb/v7-m/nofp\libc_nano.a(lib_a-reent.o)
                0x00000000200014bc                errno
 .bss.__lock___malloc_recursive_mutex
                0x00000000200014c0        0x1 c:/st/stm32cubeide_1.12.0/stm32cubeide/plugins/com.st.stm32cube.ide.mcu.externaltools.gnu-tools-for-stm32.10.3-2021.10.win32_1.0.200.202301161003/tools/bin/../lib/gcc/arm-none-eabi/10.3.1/../../../../arm-none-eabi/lib/thumb/v7-m/nofp\libc_nano.a(lib_a-lock.o)
                0x00000000200014c0                __lock___malloc_recursive_mutex
 *(COMMON)
                0x00000000200014c4                . = ALIGN (0x4)
 *fill*         0x00000000200014c1        0x3 
                0x00000000200014c4                _ebss = .
                0x00000000200014c4                __bss_end__ = _ebss

._user_heap_stack
                0x00000000200014c4      0x604 load address 0x000000000800935c
                0x00000000200014c8                . = ALIGN (0x8)
 *fill*         0x00000000200014c4        0x4 
                [!provide]                        PROVIDE (end = .)
                0x00000000200014c8                PROVIDE (_end = .)
                0x00000000200016c8                . = (. + _Min_Heap_Size)
 *fill*         0x00000000200014c8      0x200 
                0x0000000020001ac8                . = (. + _Min_Stack_Size)
 *fill*         0x00000000200016c8      0x400 
                0x0000000020001ac8                . = ALIGN (0x8)

/DISCARD/
 libc.a(*)
 libm.a(*)
 libgcc.a(*)

.ARM.attributes
                0x0000000000000000       0x29
 *(.ARM.attributes)
 .ARM.attributes
                0x0000000000000000       0x1d c:/st/stm32cubeide_1.12.0/stm32cubeide/plugins/com.st.stm32cube.ide.mcu.externaltools.gnu-tools-for-stm32.10.3-2021.10.win32_1.0.200.202301161003/tools/bin/../lib/gcc/arm-none-eabi/10.3.1/thumb/v7-m/nofp/crti.o
 .ARM.attributes
                0x000000000000001d       0x2d c:/st/stm32cubeide_1.12.0/stm32cubeide/plugins/com.st.stm32cube.ide.mcu.externaltools.gnu-tools-for-stm32.10.3-2021.10.win32_1.0.200.202301161003/tools/bin/../lib/gcc/arm-none-eabi/10.3.1/thumb/v7-m/nofp/crtbegin.o
 .ARM.attributes
                0x000000000000004a       0x2d ./Core/Src/main.o
 .ARM.attributes
                0x0000000000000077       0x2d ./Core/Src/stm32f1xx_hal_msp.o
 .ARM.attributes
                0x00000000000000a4       0x2d ./Core/Src/stm32f1xx_it.o
 .ARM.attributes
                0x00000000000000d1       0x2d ./Core/Src/sysmem.o
 .ARM.attributes
                0x00000000000000fe       0x2d ./Core/Src/system_stm32f1xx.o
 .ARM.attributes
                0x000000000000012b       0x21 ./Core/Startup/startup_stm32f103c8tx.o
 .ARM.attributes
                0x000000000000014c       0x2d ./Drivers/STM32F1xx_HAL_Driver/Src/stm32f1xx_hal.o
 .ARM.attributes
                0x0000000000000179       0x2d ./Drivers/STM32F1xx_HAL_Driver/Src/stm32f1xx_hal_cortex.o
 .ARM.attributes
                0x00000000000001a6       0x2d ./Drivers/STM32F1xx_HAL_Driver/Src/stm32f1xx_hal_gpio.o
 .ARM.attributes
                0x00000000000001d3       0x2d ./Drivers/STM32F1xx_HAL_Driver/Src/stm32f1xx_hal_pcd.o
 .ARM.attributes
                0x0000000000000200       0x2d ./Drivers/STM32F1xx_HAL_Driver/Src/stm32f1xx_hal_pcd_ex.o
 .ARM.attributes
                0x000000000000022d       0x2d ./Drivers/STM32F1xx_HAL_Driver/Src/stm32f1xx_hal_rcc.o
 .ARM.attributes
                0x000000000000025a       0x2d ./Drivers/STM32F1xx_HAL_Driver/Src/stm32f1xx_hal_rcc_ex.o
 .ARM.attributes
                0x0000000000000287       0x2d ./Drivers/STM32F1xx_HAL_Driver/Src/stm32f1xx_hal_tim.o
 .ARM.attributes
                0x00000000000002b4       0x2d ./Drivers/STM32F1xx_HAL_Driver/Src/stm32f1xx_hal_tim_ex.o
 .ARM.attributes
                0x00000000000002e1       0x2d ./Drivers/STM32F1xx_HAL_Driver/Src/stm32f1xx_ll_usb.o
 .ARM.attributes
                0x000000000000030e       0x2d ./Middlewares/ST/STM32_USB_Device_Library/Class/CDC/Src/usbd_cdc.o
 .ARM.attributes
                0x000000000000033b       0x2d ./Middlewares/ST/STM32_USB_Device_Library/Core/Src/usbd_core.o
 .ARM.attributes
                0x0000000000000368       0x2d ./Middlewares/ST/STM32_USB_Device_Library/Core/Src/usbd_ctlreq.o
 .ARM.attributes
                0x0000000000000395       0x2d ./Middlewares/ST/STM32_USB_Device_Library/Core/Src/usbd_ioreq.o
 .ARM.attributes
                0x00000000000003c2       0x2d ./USB_DEVICE/App/usb_device.o
 .ARM.attributes
                0x00000000000003ef       0x2d ./USB_DEVICE/App/usbd_cdc_if.o
 .ARM.attributes
                0x000000000000041c       0x2d ./USB_DEVICE/App/usbd_desc.o
 .ARM.attributes
                0x0000000000000449       0x2d ./USB_DEVICE/Target/usbd_conf.o
 .ARM.attributes
                0x0000000000000476       0x2d c:/st/stm32cubeide_1.12.0/stm32cubeide/plugins/com.st.stm32cube.ide.mcu.externaltools.gnu-tools-for-stm32.10.3-2021.10.win32_1.0.200.202301161003/tools/bin/../lib/gcc/arm-none-eabi/10.3.1/../../../../arm-none-eabi/lib/thumb/v7-m/nofp\libc_nano.a(lib_a-errno.o)
 .ARM.attributes
                0x00000000000004a3       0x2d c:/st/stm32cubeide_1.12.0/stm32cubeide/plugins/com.st.stm32cube.ide.mcu.externaltools.gnu-tools-for-stm32.10.3-2021.10.win32_1.0.200.202301161003/tools/bin/../lib/gcc/arm-none-eabi/10.3.1/../../../../arm-none-eabi/lib/thumb/v7-m/nofp\libc_nano.a(lib_a-impure.o)
 .ARM.attributes
                0x00000000000004d0       0x2d c:/st/stm32cubeide_1.12.0/stm32cubeide/plugins/com.st.stm32cube.ide.mcu.externaltools.gnu-tools-for-stm32.10.3-2021.10.win32_1.0.200.202301161003/tools/bin/../lib/gcc/arm-none-eabi/10.3.1/../../../../arm-none-eabi/lib/thumb/v7-m/nofp\libc_nano.a(lib_a-init.o)
 .ARM.attributes
                0x00000000000004fd       0x2d c:/st/stm32cubeide_1.12.0/stm32cubeide/plugins/com.st.stm32cube.ide.mcu.externaltools.gnu-tools-for-stm32.10.3-2021.10.win32_1.0.200.202301161003/tools/bin/../lib/gcc/arm-none-eabi/10.3.1/../../../../arm-none-eabi/lib/thumb/v7-m/nofp\libc_nano.a(lib_a-memset.o)
 .ARM.attributes
                0x000000000000052a       0x2d c:/st/stm32cubeide_1.12.0/stm32cubeide/plugins/com.st.stm32cube.ide.mcu.externaltools.gnu-tools-for-stm32.10.3-2021.10.win32_1.0.200.202301161003/tools/bin/../lib/gcc/arm-none-eabi/10.3.1/../../../../arm-none-eabi/lib/thumb/v7-m/nofp\libc_nano.a(lib_a-sprintf.o)
 .ARM.attributes
                0x0000000000000557       0x17 c:/st/stm32cubeide_1.12.0/stm32cubeide/plugins/com.st.stm32cube.ide.mcu.externaltools.gnu-tools-for-stm32.10.3-2021.10.win32_1.0.200.202301161003/tools/bin/../lib/gcc/arm-none-eabi/10.3.1/../../../../arm-none-eabi/lib/thumb/v7-m/nofp\libc_nano.a(lib_a-strlen.o)
 .ARM.attributes
                0x000000000000056e       0x2d c:/st/stm32cubeide_1.12.0/stm32cubeide/plugins/com.st.stm32cube.ide.mcu.externaltools.gnu-tools-for-stm32.10.3-2021.10.win32_1.0.200.202301161003/tools/bin/../lib/gcc/arm-none-eabi/10.3.1/../../../../arm-none-eabi/lib/thumb/v7-m/nofp\libc_nano.a(lib_a-strncmp.o)
 .ARM.attributes
                0x000000000000059b       0x2d c:/st/stm32cubeide_1.12.0/stm32cubeide/plugins/com.st.stm32cube.ide.mcu.externaltools.gnu-tools-for-stm32.10.3-2021.10.win32_1.0.200.202301161003/tools/bin/../lib/gcc/arm-none-eabi/10.3.1/../../../../arm-none-eabi/lib/thumb/v7-m/nofp\libc_nano.a(lib_a-nano-svfprintf.o)
 .ARM.attributes
                0x00000000000005c8       0x2d c:/st/stm32cubeide_1.12.0/stm32cubeide/plugins/com.st.stm32cube.ide.mcu.externaltools.gnu-tools-for-stm32.10.3-2021.10.win32_1.0.200.202301161003/tools/bin/../lib/gcc/arm-none-eabi/10.3.1/../../../../arm-none-eabi/lib/thumb/v7-m/nofp\libc_nano.a(lib_a-nano-vfprintf_i.o)
 .ARM.attributes
                0x00000000000005f5       0x2d c:/st/stm32cubeide_1.12.0/stm32cubeide/plugins/com.st.stm32cube.ide.mcu.externaltools.gnu-tools-for-stm32.10.3-2021.10.win32_1.0.200.202301161003/tools/bin/../lib/gcc/arm-none-eabi/10.3.1/../../../../arm-none-eabi/lib/thumb/v7-m/nofp\libc_nano.a(lib_a-memchr-stub.o)
 .ARM.attributes
                0x0000000000000622       0x2d c:/st/stm32cubeide_1.12.0/stm32cubeide/plugins/com.st.stm32cube.ide.mcu.externaltools.gnu-tools-for-stm32.10.3-2021.10.win32_1.0.200.202301161003/tools/bin/../lib/gcc/arm-none-eabi/10.3.1/../../../../arm-none-eabi/lib/thumb/v7-m/nofp\libc_nano.a(lib_a-memcpy-stub.o)
 .ARM.attributes
                0x000000000000064f       0x2d c:/st/stm32cubeide_1.12.0/stm32cubeide/plugins/com.st.stm32cube.ide.mcu.externaltools.gnu-tools-for-stm32.10.3-2021.10.win32_1.0.200.202301161003/tools/bin/../lib/gcc/arm-none-eabi/10.3.1/../../../../arm-none-eabi/lib/thumb/v7-m/nofp\libc_nano.a(lib_a-memmove.o)
 .ARM.attributes
                0x000000000000067c       0x2d c:/st/stm32cubeide_1.12.0/stm32cubeide/plugins/com.st.stm32cube.ide.mcu.externaltools.gnu-tools-for-stm32.10.3-2021.10.win32_1.0.200.202301161003/tools/bin/../lib/gcc/arm-none-eabi/10.3.1/../../../../arm-none-eabi/lib/thumb/v7-m/nofp\libc_nano.a(lib_a-nano-freer.o)
 .ARM.attributes
                0x00000000000006a9       0x2d c:/st/stm32cubeide_1.12.0/stm32cubeide/plugins/com.st.stm32cube.ide.mcu.externaltools.gnu-tools-for-stm32.10.3-2021.10.win32_1.0.200.202301161003/tools/bin/../lib/gcc/arm-none-eabi/10.3.1/../../../../arm-none-eabi/lib/thumb/v7-m/nofp\libc_nano.a(lib_a-nano-mallocr.o)
 .ARM.attributes
                0x00000000000006d6       0x2d c:/st/stm32cubeide_1.12.0/stm32cubeide/plugins/com.st.stm32cube.ide.mcu.externaltools.gnu-tools-for-stm32.10.3-2021.10.win32_1.0.200.202301161003/tools/bin/../lib/gcc/arm-none-eabi/10.3.1/../../../../arm-none-eabi/lib/thumb/v7-m/nofp\libc_nano.a(lib_a-nano-reallocr.o)
 .ARM.attributes
                0x0000000000000703       0x2d c:/st/stm32cubeide_1.12.0/stm32cubeide/plugins/com.st.stm32cube.ide.mcu.externaltools.gnu-tools-for-stm32.10.3-2021.10.win32_1.0.200.202301161003/tools/bin/../lib/gcc/arm-none-eabi/10.3.1/../../../../arm-none-eabi/lib/thumb/v7-m/nofp\libc_nano.a(lib_a-sbrkr.o)
 .ARM.attributes
                0x0000000000000730       0x2d c:/st/stm32cubeide_1.12.0/stm32cubeide/plugins/com.st.stm32cube.ide.mcu.externaltools.gnu-tools-for-stm32.10.3-2021.10.win32_1.0.200.202301161003/tools/bin/../lib/gcc/arm-none-eabi/10.3.1/../../../../arm-none-eabi/lib/thumb/v7-m/nofp\libc_nano.a(lib_a-mlock.o)
 .ARM.attributes
                0x000000000000075d       0x2d c:/st/stm32cubeide_1.12.0/stm32cubeide/plugins/com.st.stm32cube.ide.mcu.externaltools.gnu-tools-for-stm32.10.3-2021.10.win32_1.0.200.202301161003/tools/bin/../lib/gcc/arm-none-eabi/10.3.1/../../../../arm-none-eabi/lib/thumb/v7-m/nofp\libc_nano.a(lib_a-nano-msizer.o)
 .ARM.attributes
                0x000000000000078a       0x2d c:/st/stm32cubeide_1.12.0/stm32cubeide/plugins/com.st.stm32cube.ide.mcu.externaltools.gnu-tools-for-stm32.10.3-2021.10.win32_1.0.200.202301161003/tools/bin/../lib/gcc/arm-none-eabi/10.3.1/../../../../arm-none-eabi/lib/thumb/v7-m/nofp\libc_nano.a(lib_a-reent.o)
 .ARM.attributes
                0x00000000000007b7       0x2d c:/st/stm32cubeide_1.12.0/stm32cubeide/plugins/com.st.stm32cube.ide.mcu.externaltools.gnu-tools-for-stm32.10.3-2021.10.win32_1.0.200.202301161003/tools/bin/../lib/gcc/arm-none-eabi/10.3.1/../../../../arm-none-eabi/lib/thumb/v7-m/nofp\libc_nano.a(lib_a-lock.o)
 .ARM.attributes
                0x00000000000007e4       0x1d c:/st/stm32cubeide_1.12.0/stm32cubeide/plugins/com.st.stm32cube.ide.mcu.externaltools.gnu-tools-for-stm32.10.3-2021.10.win32_1.0.200.202301161003/tools/bin/../lib/gcc/arm-none-eabi/10.3.1/thumb/v7-m/nofp/crtn.o
OUTPUT(MinerPunk_RelayMatrix_USB.elf elf32-littlearm)
LOAD linker stubs
LOAD c:/st/stm32cubeide_1.12.0/stm32cubeide/plugins/com.st.stm32cube.ide.mcu.externaltools.gnu-tools-for-stm32.10.3-2021.10.win32_1.0.200.202301161003/tools/bin/../lib/gcc/arm-none-eabi/10.3.1/../../../../arm-none-eabi/lib/thumb/v7-m/nofp\libc.a
LOAD c:/st/stm32cubeide_1.12.0/stm32cubeide/plugins/com.st.stm32cube.ide.mcu.externaltools.gnu-tools-for-stm32.10.3-2021.10.win32_1.0.200.202301161003/tools/bin/../lib/gcc/arm-none-eabi/10.3.1/../../../../arm-none-eabi/lib/thumb/v7-m/nofp\libm.a
LOAD c:/st/stm32cubeide_1.12.0/stm32cubeide/plugins/com.st.stm32cube.ide.mcu.externaltools.gnu-tools-for-stm32.10.3-2021.10.win32_1.0.200.202301161003/tools/bin/../lib/gcc/arm-none-eabi/10.3.1/thumb/v7-m/nofp\libgcc.a

.debug_info     0x0000000000000000    0x12346
 .debug_info    0x0000000000000000     0x128b ./Core/Src/main.o
 .debug_info    0x000000000000128b      0x98a ./Core/Src/stm32f1xx_hal_msp.o
 .debug_info    0x0000000000001c15      0xbfe ./Core/Src/stm32f1xx_it.o
 .debug_info    0x0000000000002813      0x171 ./Core/Src/sysmem.o
 .debug_info    0x0000000000002984      0x23d ./Core/Src/system_stm32f1xx.o
 .debug_info    0x0000000000002bc1       0x22 ./Core/Startup/startup_stm32f103c8tx.o
 .debug_info    0x0000000000002be3      0x734 ./Drivers/STM32F1xx_HAL_Driver/Src/stm32f1xx_hal.o
 .debug_info    0x0000000000003317      0xb20 ./Drivers/STM32F1xx_HAL_Driver/Src/stm32f1xx_hal_cortex.o
 .debug_info    0x0000000000003e37      0x615 ./Drivers/STM32F1xx_HAL_Driver/Src/stm32f1xx_hal_gpio.o
 .debug_info    0x000000000000444c     0x182e ./Drivers/STM32F1xx_HAL_Driver/Src/stm32f1xx_hal_pcd.o
 .debug_info    0x0000000000005c7a      0x71a ./Drivers/STM32F1xx_HAL_Driver/Src/stm32f1xx_hal_pcd_ex.o
 .debug_info    0x0000000000006394      0x865 ./Drivers/STM32F1xx_HAL_Driver/Src/stm32f1xx_hal_rcc.o
 .debug_info    0x0000000000006bf9      0x3e6 ./Drivers/STM32F1xx_HAL_Driver/Src/stm32f1xx_hal_rcc_ex.o
 .debug_info    0x0000000000006fdf     0x2bab ./Drivers/STM32F1xx_HAL_Driver/Src/stm32f1xx_hal_tim.o
 .debug_info    0x0000000000009b8a     0x15c7 ./Drivers/STM32F1xx_HAL_Driver/Src/stm32f1xx_hal_tim_ex.o
 .debug_info    0x000000000000b151     0x18d8 ./Drivers/STM32F1xx_HAL_Driver/Src/stm32f1xx_ll_usb.o
 .debug_info    0x000000000000ca29     0x10e3 ./Middlewares/ST/STM32_USB_Device_Library/Class/CDC/Src/usbd_cdc.o
 .debug_info    0x000000000000db0c      0xb02 ./Middlewares/ST/STM32_USB_Device_Library/Core/Src/usbd_core.o
 .debug_info    0x000000000000e60e      0x9b6 ./Middlewares/ST/STM32_USB_Device_Library/Core/Src/usbd_ctlreq.o
 .debug_info    0x000000000000efc4      0x715 ./Middlewares/ST/STM32_USB_Device_Library/Core/Src/usbd_ioreq.o
 .debug_info    0x000000000000f6d9      0x679 ./USB_DEVICE/App/usb_device.o
 .debug_info    0x000000000000fd52      0x83e ./USB_DEVICE/App/usbd_cdc_if.o
 .debug_info    0x0000000000010590      0x484 ./USB_DEVICE/App/usbd_desc.o
 .debug_info    0x0000000000010a14     0x1932 ./USB_DEVICE/Target/usbd_conf.o

.debug_abbrev   0x0000000000000000     0x2fd0
 .debug_abbrev  0x0000000000000000      0x30b ./Core/Src/main.o
 .debug_abbrev  0x000000000000030b      0x19f ./Core/Src/stm32f1xx_hal_msp.o
 .debug_abbrev  0x00000000000004aa      0x1ca ./Core/Src/stm32f1xx_it.o
 .debug_abbrev  0x0000000000000674       0xbb ./Core/Src/sysmem.o
 .debug_abbrev  0x000000000000072f      0x13b ./Core/Src/system_stm32f1xx.o
 .debug_abbrev  0x000000000000086a       0x12 ./Core/Startup/startup_stm32f103c8tx.o
 .debug_abbrev  0x000000000000087c      0x1fb ./Drivers/STM32F1xx_HAL_Driver/Src/stm32f1xx_hal.o
 .debug_abbrev  0x0000000000000a77      0x2ed ./Drivers/STM32F1xx_HAL_Driver/Src/stm32f1xx_hal_cortex.o
 .debug_abbrev  0x0000000000000d64      0x1bb ./Drivers/STM32F1xx_HAL_Driver/Src/stm32f1xx_hal_gpio.o
 .debug_abbrev  0x0000000000000f1f      0x2c0 ./Drivers/STM32F1xx_HAL_Driver/Src/stm32f1xx_hal_pcd.o
 .debug_abbrev  0x00000000000011df      0x17f ./Drivers/STM32F1xx_HAL_Driver/Src/stm32f1xx_hal_pcd_ex.o
 .debug_abbrev  0x000000000000135e      0x2a8 ./Drivers/STM32F1xx_HAL_Driver/Src/stm32f1xx_hal_rcc.o
 .debug_abbrev  0x0000000000001606      0x182 ./Drivers/STM32F1xx_HAL_Driver/Src/stm32f1xx_hal_rcc_ex.o
 .debug_abbrev  0x0000000000001788      0x264 ./Drivers/STM32F1xx_HAL_Driver/Src/stm32f1xx_hal_tim.o
 .debug_abbrev  0x00000000000019ec      0x26c ./Drivers/STM32F1xx_HAL_Driver/Src/stm32f1xx_hal_tim_ex.o
 .debug_abbrev  0x0000000000001c58      0x1d4 ./Drivers/STM32F1xx_HAL_Driver/Src/stm32f1xx_ll_usb.o
 .debug_abbrev  0x0000000000001e2c      0x2c0 ./Middlewares/ST/STM32_USB_Device_Library/Class/CDC/Src/usbd_cdc.o
 .debug_abbrev  0x00000000000020ec      0x236 ./Middlewares/ST/STM32_USB_Device_Library/Core/Src/usbd_core.o
 .debug_abbrev  0x0000000000002322      0x257 ./Middlewares/ST/STM32_USB_Device_Library/Core/Src/usbd_ctlreq.o
 .debug_abbrev  0x0000000000002579      0x183 ./Middlewares/ST/STM32_USB_Device_Library/Core/Src/usbd_ioreq.o
 .debug_abbrev  0x00000000000026fc      0x183 ./USB_DEVICE/App/usb_device.o
 .debug_abbrev  0x000000000000287f      0x252 ./USB_DEVICE/App/usbd_cdc_if.o
 .debug_abbrev  0x0000000000002ad1      0x1fa ./USB_DEVICE/App/usbd_desc.o
 .debug_abbrev  0x0000000000002ccb      0x305 ./USB_DEVICE/Target/usbd_conf.o

.debug_aranges  0x0000000000000000     0x1070
 .debug_aranges
                0x0000000000000000       0xc0 ./Core/Src/main.o
 .debug_aranges
                0x00000000000000c0       0x30 ./Core/Src/stm32f1xx_hal_msp.o
 .debug_aranges
                0x00000000000000f0       0x78 ./Core/Src/stm32f1xx_it.o
 .debug_aranges
                0x0000000000000168       0x20 ./Core/Src/sysmem.o
 .debug_aranges
                0x0000000000000188       0x28 ./Core/Src/system_stm32f1xx.o
 .debug_aranges
                0x00000000000001b0       0x28 ./Core/Startup/startup_stm32f103c8tx.o
 .debug_aranges
                0x00000000000001d8       0xe0 ./Drivers/STM32F1xx_HAL_Driver/Src/stm32f1xx_hal.o
 .debug_aranges
                0x00000000000002b8      0x100 ./Drivers/STM32F1xx_HAL_Driver/Src/stm32f1xx_hal_cortex.o
 .debug_aranges
                0x00000000000003b8       0x58 ./Drivers/STM32F1xx_HAL_Driver/Src/stm32f1xx_hal_gpio.o
 .debug_aranges
                0x0000000000000410      0x140 ./Drivers/STM32F1xx_HAL_Driver/Src/stm32f1xx_hal_pcd.o
 .debug_aranges
                0x0000000000000550       0x38 ./Drivers/STM32F1xx_HAL_Driver/Src/stm32f1xx_hal_pcd_ex.o
 .debug_aranges
                0x0000000000000588       0x90 ./Drivers/STM32F1xx_HAL_Driver/Src/stm32f1xx_hal_rcc.o
 .debug_aranges
                0x0000000000000618       0x30 ./Drivers/STM32F1xx_HAL_Driver/Src/stm32f1xx_hal_rcc_ex.o
 .debug_aranges
                0x0000000000000648      0x3d0 ./Drivers/STM32F1xx_HAL_Driver/Src/stm32f1xx_hal_tim.o
 .debug_aranges
                0x0000000000000a18      0x168 ./Drivers/STM32F1xx_HAL_Driver/Src/stm32f1xx_hal_tim_ex.o
 .debug_aranges
                0x0000000000000b80       0xf8 ./Drivers/STM32F1xx_HAL_Driver/Src/stm32f1xx_ll_usb.o
 .debug_aranges
                0x0000000000000c78       0x90 ./Middlewares/ST/STM32_USB_Device_Library/Class/CDC/Src/usbd_cdc.o
 .debug_aranges
                0x0000000000000d08       0xb8 ./Middlewares/ST/STM32_USB_Device_Library/Core/Src/usbd_core.o
 .debug_aranges
                0x0000000000000dc0       0x88 ./Middlewares/ST/STM32_USB_Device_Library/Core/Src/usbd_ctlreq.o
 .debug_aranges
                0x0000000000000e48       0x50 ./Middlewares/ST/STM32_USB_Device_Library/Core/Src/usbd_ioreq.o
 .debug_aranges
                0x0000000000000e98       0x20 ./USB_DEVICE/App/usb_device.o
 .debug_aranges
                0x0000000000000eb8       0x40 ./USB_DEVICE/App/usbd_cdc_if.o
 .debug_aranges
                0x0000000000000ef8       0x60 ./USB_DEVICE/App/usbd_desc.o
 .debug_aranges
                0x0000000000000f58      0x118 ./USB_DEVICE/Target/usbd_conf.o

.debug_ranges   0x0000000000000000      0xef8
 .debug_ranges  0x0000000000000000       0xb0 ./Core/Src/main.o
 .debug_ranges  0x00000000000000b0       0x20 ./Core/Src/stm32f1xx_hal_msp.o
 .debug_ranges  0x00000000000000d0       0x68 ./Core/Src/stm32f1xx_it.o
 .debug_ranges  0x0000000000000138       0x10 ./Core/Src/sysmem.o
 .debug_ranges  0x0000000000000148       0x18 ./Core/Src/system_stm32f1xx.o
 .debug_ranges  0x0000000000000160       0x20 ./Core/Startup/startup_stm32f103c8tx.o
 .debug_ranges  0x0000000000000180       0xd0 ./Drivers/STM32F1xx_HAL_Driver/Src/stm32f1xx_hal.o
 .debug_ranges  0x0000000000000250       0xf0 ./Drivers/STM32F1xx_HAL_Driver/Src/stm32f1xx_hal_cortex.o
 .debug_ranges  0x0000000000000340       0x48 ./Drivers/STM32F1xx_HAL_Driver/Src/stm32f1xx_hal_gpio.o
 .debug_ranges  0x0000000000000388      0x130 ./Drivers/STM32F1xx_HAL_Driver/Src/stm32f1xx_hal_pcd.o
 .debug_ranges  0x00000000000004b8       0x28 ./Drivers/STM32F1xx_HAL_Driver/Src/stm32f1xx_hal_pcd_ex.o
 .debug_ranges  0x00000000000004e0       0x80 ./Drivers/STM32F1xx_HAL_Driver/Src/stm32f1xx_hal_rcc.o
 .debug_ranges  0x0000000000000560       0x20 ./Drivers/STM32F1xx_HAL_Driver/Src/stm32f1xx_hal_rcc_ex.o
 .debug_ranges  0x0000000000000580      0x3c0 ./Drivers/STM32F1xx_HAL_Driver/Src/stm32f1xx_hal_tim.o
 .debug_ranges  0x0000000000000940      0x158 ./Drivers/STM32F1xx_HAL_Driver/Src/stm32f1xx_hal_tim_ex.o
 .debug_ranges  0x0000000000000a98       0xe8 ./Drivers/STM32F1xx_HAL_Driver/Src/stm32f1xx_ll_usb.o
 .debug_ranges  0x0000000000000b80       0x80 ./Middlewares/ST/STM32_USB_Device_Library/Class/CDC/Src/usbd_cdc.o
 .debug_ranges  0x0000000000000c00       0xa8 ./Middlewares/ST/STM32_USB_Device_Library/Core/Src/usbd_core.o
 .debug_ranges  0x0000000000000ca8       0x78 ./Middlewares/ST/STM32_USB_Device_Library/Core/Src/usbd_ctlreq.o
 .debug_ranges  0x0000000000000d20       0x40 ./Middlewares/ST/STM32_USB_Device_Library/Core/Src/usbd_ioreq.o
 .debug_ranges  0x0000000000000d60       0x10 ./USB_DEVICE/App/usb_device.o
 .debug_ranges  0x0000000000000d70       0x30 ./USB_DEVICE/App/usbd_cdc_if.o
 .debug_ranges  0x0000000000000da0       0x50 ./USB_DEVICE/App/usbd_desc.o
 .debug_ranges  0x0000000000000df0      0x108 ./USB_DEVICE/Target/usbd_conf.o

.debug_macro    0x0000000000000000    0x1a8ea
 .debug_macro   0x0000000000000000      0x3bd ./Core/Src/main.o
 .debug_macro   0x00000000000003bd      0xa6c ./Core/Src/main.o
 .debug_macro   0x0000000000000e29      0x21b ./Core/Src/main.o
 .debug_macro   0x0000000000001044       0x2e ./Core/Src/main.o
 .debug_macro   0x0000000000001072       0x22 ./Core/Src/main.o
 .debug_macro   0x0000000000001094       0x22 ./Core/Src/main.o
 .debug_macro   0x00000000000010b6       0x8e ./Core/Src/main.o
 .debug_macro   0x0000000000001144       0x51 ./Core/Src/main.o
 .debug_macro   0x0000000000001195      0x103 ./Core/Src/main.o
 .debug_macro   0x0000000000001298       0x6a ./Core/Src/main.o
 .debug_macro   0x0000000000001302      0x1df ./Core/Src/main.o
 .debug_macro   0x00000000000014e1       0x1c ./Core/Src/main.o
 .debug_macro   0x00000000000014fd       0x22 ./Core/Src/main.o
 .debug_macro   0x000000000000151f       0xbd ./Core/Src/main.o
 .debug_macro   0x00000000000015dc      0xd23 ./Core/Src/main.o
 .debug_macro   0x00000000000022ff     0xe09e ./Core/Src/main.o
 .debug_macro   0x000000000001039d       0x6d ./Core/Src/main.o
 .debug_macro   0x000000000001040a     0x348d ./Core/Src/main.o
 .debug_macro   0x0000000000013897      0x174 ./Core/Src/main.o
 .debug_macro   0x0000000000013a0b       0x5c ./Core/Src/main.o
 .debug_macro   0x0000000000013a67      0x5bc ./Core/Src/main.o
 .debug_macro   0x0000000000014023      0x289 ./Core/Src/main.o
 .debug_macro   0x00000000000142ac      0x1cb ./Core/Src/main.o
 .debug_macro   0x0000000000014477      0x114 ./Core/Src/main.o
 .debug_macro   0x000000000001458b      0x1b2 ./Core/Src/main.o
 .debug_macro   0x000000000001473d       0x27 ./Core/Src/main.o
 .debug_macro   0x0000000000014764      0x136 ./Core/Src/main.o
 .debug_macro   0x000000000001489a      0x1bc ./Core/Src/main.o
 .debug_macro   0x0000000000014a56       0x34 ./Core/Src/main.o
 .debug_macro   0x0000000000014a8a       0x3c ./Core/Src/main.o
 .debug_macro   0x0000000000014ac6       0x57 ./Core/Src/main.o
 .debug_macro   0x0000000000014b1d       0x87 ./Core/Src/main.o
 .debug_macro   0x0000000000014ba4      0x240 ./Core/Src/main.o
 .debug_macro   0x0000000000014de4      0x140 ./Core/Src/main.o
 .debug_macro   0x0000000000014f24      0x8ed ./Core/Src/main.o
 .debug_macro   0x0000000000015811       0xab ./Core/Src/main.o
 .debug_macro   0x00000000000158bc      0x242 ./Core/Src/main.o
 .debug_macro   0x0000000000015afe       0x83 ./Core/Src/main.o
 .debug_macro   0x0000000000015b81       0xc4 ./Core/Src/main.o
 .debug_macro   0x0000000000015c45       0x52 ./Core/Src/main.o
 .debug_macro   0x0000000000015c97       0x18 ./Core/Src/main.o
 .debug_macro   0x0000000000015caf       0x3c ./Core/Src/main.o
 .debug_macro   0x0000000000015ceb       0x34 ./Core/Src/main.o
 .debug_macro   0x0000000000015d1f       0x16 ./Core/Src/main.o
 .debug_macro   0x0000000000015d35       0x35 ./Core/Src/main.o
 .debug_macro   0x0000000000015d6a      0x341 ./Core/Src/main.o
 .debug_macro   0x00000000000160ab       0x10 ./Core/Src/main.o
 .debug_macro   0x00000000000160bb       0x16 ./Core/Src/main.o
 .debug_macro   0x00000000000160d1       0x43 ./Core/Src/main.o
 .debug_macro   0x0000000000016114       0x34 ./Core/Src/main.o
 .debug_macro   0x0000000000016148       0x10 ./Core/Src/main.o
 .debug_macro   0x0000000000016158       0x58 ./Core/Src/main.o
 .debug_macro   0x00000000000161b0       0x71 ./Core/Src/main.o
 .debug_macro   0x0000000000016221       0x1c ./Core/Src/main.o
 .debug_macro   0x000000000001623d      0x12a ./Core/Src/main.o
 .debug_macro   0x0000000000016367       0x10 ./Core/Src/main.o
 .debug_macro   0x0000000000016377       0x1c ./Core/Src/main.o
 .debug_macro   0x0000000000016393       0x52 ./Core/Src/main.o
 .debug_macro   0x00000000000163e5       0x22 ./Core/Src/main.o
 .debug_macro   0x0000000000016407       0x10 ./Core/Src/main.o
 .debug_macro   0x0000000000016417       0x52 ./Core/Src/main.o
 .debug_macro   0x0000000000016469       0xd5 ./Core/Src/main.o
 .debug_macro   0x000000000001653e       0x1c ./Core/Src/main.o
 .debug_macro   0x000000000001655a       0x3d ./Core/Src/main.o
 .debug_macro   0x0000000000016597       0x16 ./Core/Src/main.o
 .debug_macro   0x00000000000165ad      0x145 ./Core/Src/main.o
 .debug_macro   0x00000000000166f2       0x16 ./Core/Src/main.o
 .debug_macro   0x0000000000016708       0x16 ./Core/Src/main.o
 .debug_macro   0x000000000001671e       0x29 ./Core/Src/main.o
 .debug_macro   0x0000000000016747       0x16 ./Core/Src/main.o
 .debug_macro   0x000000000001675d       0x20 ./Core/Src/main.o